C51 COMPILER V9.56.0.0   DECISION                                                          04/30/2018 05:07:22 PAGE 1   


C51 COMPILER V9.56.0.0, COMPILATION OF MODULE DECISION
OBJECT MODULE PLACED IN ..\HexCode\Decision.obj
COMPILER INVOKED BY: C:\Keil_v5\C51\BIN\C51.EXE ..\Decision\Decision.c OMF2 OPTIMIZE(8,SPEED) PRINT(.\Decision.lst) TABS
                    -(2) OBJECT(..\HexCode\Decision.obj)

line level    source

   1          #include "Decision.h"        
   2          #include "..\main\ext_reg.h" 
   3                           
   4          #define M_NORMAL_TEMP      1       
   5          #define M_LOW_TEMP         4
   6          #define M_FREEZE_PROOFING  3 
   7          #define M_SUPERHEATED      80
   8          
   9          void Decision_Init()
  10          {                      
  11   1      
  12   1      }
  13          
  14          void Decision_Update()
  15          {           
  16   1      
  17   1      }
  18          


MODULE INFORMATION:   STATIC OVERLAYABLE
   CODE SIZE        =      2    ----
   CONSTANT SIZE    =   ----    ----
   XDATA SIZE       =   ----    ----
   PDATA SIZE       =   ----    ----
   DATA SIZE        =   ----    ----
   IDATA SIZE       =   ----    ----
   BIT SIZE         =   ----    ----
   EDATA SIZE       =   ----    ----
   HDATA SIZE       =   ----    ----
   XDATA CONST SIZE =   ----    ----
   FAR CONST SIZE   =   ----    ----
END OF MODULE INFORMATION.


C51 COMPILATION COMPLETE.  0 WARNING(S),  0 ERROR(S)
