LX51 LINKER/LOCATER V4.66.66.0                                                          04/30/2018  05:07:22  PAGE 1


LX51 LINKER/LOCATER V4.66.66.0, INVOKED BY:
C:\KEIL_V5\C51\BIN\LX51.EXE ..\HexCode\Main.obj, ..\HexCode\0_02_11h.obj, ..\HexCode\hSch51.obj, ..\HexCode\serialS1.obj
>> , ..\HexCode\serialS2.obj, ..\HexCode\CommCmdAll.obj, ..\HexCode\CommCmdS1.obj, ..\HexCode\CommCmdS2.obj, ..\HexCode\
>> Input.obj, ..\HexCode\Output.obj, ..\HexCode\beep.obj, ..\HexCode\led.obj, ..\HexCode\FlashRom.obj, ..\HexCode\memory
>> .obj, ..\HexCode\Decision.obj, ..\HexCode\Error.obj TO ..\HexCode\Solar1_2 PRINT (.\Solar1_2.map) OVERLAY (MAIN ~  (C
>> OMM_UPDATE, DISPATCH_UPDATE), HSCH_DISPATCH_TASKS !  (COMM_UPDATE, DISPATCH_UPDATE))


CPU MODE:     8051 MODE
MEMORY MODEL: SMALL


INPUT MODULES INCLUDED:
  ..\HexCode\Main.obj (MAIN)
         COMMENT TYPE 0: C51 V9.56.0.0
  ..\HexCode\0_02_11h.obj (0_02_11H)
         COMMENT TYPE 0: C51 V9.56.0.0
  ..\HexCode\hSch51.obj (HSCH51)
         COMMENT TYPE 0: C51 V9.56.0.0
  ..\HexCode\serialS1.obj (SERIALS1)
         COMMENT TYPE 0: C51 V9.56.0.0
  ..\HexCode\serialS2.obj (SERIALS2)
         COMMENT TYPE 0: C51 V9.56.0.0
  ..\HexCode\CommCmdAll.obj (COMMCMDALL)
         COMMENT TYPE 0: C51 V9.56.0.0
  ..\HexCode\CommCmdS1.obj (COMMCMDS1)
         COMMENT TYPE 0: C51 V9.56.0.0
  ..\HexCode\CommCmdS2.obj (COMMCMDS2)
         COMMENT TYPE 0: C51 V9.56.0.0
  ..\HexCode\Input.obj (INPUT)
         COMMENT TYPE 0: C51 V9.56.0.0
  ..\HexCode\Output.obj (OUTPUT)
         COMMENT TYPE 0: C51 V9.56.0.0
  ..\HexCode\beep.obj (BEEP)
         COMMENT TYPE 0: C51 V9.56.0.0
  ..\HexCode\led.obj (LED)
         COMMENT TYPE 0: C51 V9.56.0.0
  ..\HexCode\FlashRom.obj (FLASHROM)
         COMMENT TYPE 0: C51 V9.56.0.0
  ..\HexCode\memory.obj (MEMORY)
         COMMENT TYPE 0: C51 V9.56.0.0
  ..\HexCode\Decision.obj (DECISION)
         COMMENT TYPE 0: C51 V9.56.0.0
  ..\HexCode\Error.obj (ERROR)
         COMMENT TYPE 0: C51 V9.56.0.0
  C:\KEIL_V5\C51\LIB\C51S.LIB (?C_STARTUP)
         COMMENT TYPE 1: A51 / ASM51 Assembler
  C:\KEIL_V5\C51\LIB\C51S.LIB (?C?ICALL)
         COMMENT TYPE 1: A51 / ASM51 Assembler


ACTIVE MEMORY CLASSES OF MODULE:  ..\HexCode\Solar1_2 (MAIN)

BASE        START       END         USED      MEMORY CLASS
==========================================================
C:000000H   C:000000H   C:00FFFFH   000914H   CODE
X:000000H   X:000000H   X:00FFFFH   00030CH   XDATA
I:000020H.0 I:000020H.0 I:00002FH.7 000001H.4 BIT
I:000000H   I:000000H   I:0000FFH   00001BH   IDATA
I:000000H   I:000000H   I:00007FH   00001CH   DATA


MEMORY MAP OF MODULE:  ..\HexCode\Solar1_2 (MAIN)


START     STOP      LENGTH    ALIGN  RELOC    MEMORY CLASS   SEGMENT NAME
LX51 LINKER/LOCATER V4.66.66.0                                                        04/30/2018  05:07:22  PAGE 2


=========================================================================

* * * * * * * * * * *   D A T A   M E M O R Y   * * * * * * * * * * * * *
000000H   000007H   000008H   ---    AT..     DATA           "REG BANK 0"
000008H   000017H   000010H   BYTE   UNIT     DATA           ?DT?HSCH51
000018H   00001BH   000004H   BYTE   UNIT     DATA           _DATA_GROUP_
00001CH   00001FH   000004H   BYTE   UNIT     IDATA          ?ID?MAIN
000020H.0 000021H.0 000001H.1 BIT    UNIT     BIT            ?BI?MAIN
000021H.1 000021H.1 000000H.1 BIT    UNIT     BIT            ?BI?SERIALS1
000021H.2 000021H.2 000000H.1 BIT    UNIT     BIT            ?BI?SERIALS2
000021H.3 000021H.3 000000H.1 BIT    UNIT     BIT            _BIT_GROUP_
000021H.4 000021H   000000H.4 ---    ---      **GAP**
000022H   00002CH   00000BH   BYTE   UNIT     IDATA          ?ID?SERIALS1
00002DH   000037H   00000BH   BYTE   UNIT     IDATA          ?ID?SERIALS2
000038H   000038H   000001H   BYTE   UNIT     IDATA          ?STACK

* * * * * * * * * * *   C O D E   M E M O R Y   * * * * * * * * * * * * *
000000H   000002H   000003H   ---    OFFS..   CODE           ?CO??C_STARTUP?0
000003H   000008H   000006H   BYTE   UNIT     CODE           ?PR?SERIALALL_UPDATE?COMMCMDALL
000009H   000009H   000001H   BYTE   UNIT     CODE           ?PR?INPUT_INIT?INPUT
00000AH   00000AH   000001H   BYTE   UNIT     CODE           ?PR?INPUT_UPDATE?INPUT
00000BH   00000DH   000003H   BYTE   OFFS..   CODE           ?0_02_11H?0000B
00000EH   00014EH   000141H   BYTE   UNIT     CODE           ?PR?COMMCMDS1_UPDATE?COMMCMDS1
00014FH   000261H   000113H   BYTE   UNIT     CODE           ?PR?SERIALS2_UPDATE?SERIALS2
000262H   00036EH   00010DH   BYTE   UNIT     CODE           ?PR?SERIALS1_UPDATE?SERIALS1
00036FH   000462H   0000F4H   BYTE   UNIT     CODE           ?PR?HSCH_UPDATE?0_02_11H
000463H   00053CH   0000DAH   BYTE   UNIT     CODE           ?PR?SERIALS2_SEND?SERIALS2
00053DH   000615H   0000D9H   BYTE   UNIT     CODE           ?PR?SERIALS1_SEND?SERIALS1
000616H   000695H   000080H   BYTE   UNIT     CODE           ?PR?COMMCMDS2_UPDATE?COMMCMDS2
000696H   0006FEH   000069H   BYTE   UNIT     CODE           ?PR?_HSCH_ADD_TASK?HSCH51
0006FFH   000762H   000064H   BYTE   UNIT     CODE           ?PR?HSCH_DISPATCH_TASKS?HSCH51
000763H   0007A9H   000047H   BYTE   UNIT     CODE           ?PR?MAIN?MAIN
0007AAH   0007EFH   000046H   BYTE   UNIT     CODE           ?PR?DISPATCH_UPDATE?MAIN
0007F0H   00080FH   000020H   BYTE   UNIT     CODE           ?PR?DISPATCH_INIT?MAIN
000810H   00082BH   00001CH   BYTE   UNIT     CODE           ?PR?COMMCMDS1_INIT?COMMCMDS1
00082CH   000847H   00001CH   BYTE   UNIT     CODE           ?PR?COMMCMDS2_INIT?COMMCMDS2
000848H   000860H   000019H   BYTE   UNIT     CODE           ?PR?S1_GETSENDCOUNT?SERIALS1
000861H   000879H   000019H   BYTE   UNIT     CODE           ?PR?S1_GETRECVCOUNT?SERIALS1
00087AH   000892H   000019H   BYTE   UNIT     CODE           ?PR?S2_GETSENDCOUNT?SERIALS2
000893H   0008ABH   000019H   BYTE   UNIT     CODE           ?PR?S2_GETRECVCOUNT?SERIALS2
0008ACH   0008BCH   000011H   BYTE   UNIT     CODE           ?PR?HSCH_INIT_T0?0_02_11H
0008BDH   0008CDH   000011H   BYTE   UNIT     CODE           ?PR?SERIALS1_INIT?SERIALS1
0008CEH   0008DDH   000010H   BYTE   UNIT     CODE           ?PR?SERIALS2_INIT?SERIALS2
0008DEH   0008E9H   00000CH   BYTE   UNIT     CODE           ?PR?COMMCMDALL_INIT?COMMCMDALL
0008EAH   0008F5H   00000CH   BYTE   UNIT     CODE           ?C_C51STARTUP
0008F6H   0008FBH   000006H   BYTE   UNIT     CODE           ?PR?COMMCMDALL_UPDATE?COMMCMDALL
0008FCH   000901H   000006H   BYTE   UNIT     CODE           ?C?LIB_CODE
000902H   000905H   000004H   BYTE   UNIT     CODE           ?PR?HSCH_GO_TO_SLEEP?HSCH51
000906H   000908H   000003H   BYTE   UNIT     CODE           ?PR?COMM_UPDATE?MAIN
000909H   00090BH   000003H   BYTE   UNIT     CODE           ?PR?HSCH_START?0_02_11H
00090CH   00090CH   000001H   BYTE   UNIT     CODE           ?PR?OUTPUT_INIT?OUTPUT
00090DH   00090DH   000001H   BYTE   UNIT     CODE           ?PR?OUTPUT_UPDATE?OUTPUT
00090EH   00090EH   000001H   BYTE   UNIT     CODE           ?PR?MEMORY_INIT?MEMORY
00090FH   00090FH   000001H   BYTE   UNIT     CODE           ?PR?MEMORY_UPDATE?MEMORY
000910H   000910H   000001H   BYTE   UNIT     CODE           ?PR?DECISION_INIT?DECISION
000911H   000911H   000001H   BYTE   UNIT     CODE           ?PR?DECISION_UPDATE?DECISION
000912H   000912H   000001H   BYTE   UNIT     CODE           ?PR?ERROR_INIT?ERROR
000913H   000913H   000001H   BYTE   UNIT     CODE           ?PR?ERROR_UPDATE?ERROR

* * * * * * * * * * *  X D A T A   M E M O R Y  * * * * * * * * * * * * *
000000H   00012BH   00012CH   BYTE   UNIT     XDATA          ?XD?MAIN
00012CH   00021BH   0000F0H   BYTE   UNIT     XDATA          ?XD?SERIALS1
00021CH   00030BH   0000F0H   BYTE   UNIT     XDATA          ?XD?SERIALS2


LX51 LINKER/LOCATER V4.66.66.0                                                        04/30/2018  05:07:22  PAGE 3



OVERLAY MAP OF MODULE:   ..\HexCode\Solar1_2 (MAIN)


FUNCTION/MODULE                    BIT_GROUP   DATA_GROUP 
--> CALLED FUNCTION/MODULE        START  STOP  START  STOP
==========================================================
HSCH_UPDATE/0_02_11H              ----- -----  0018H 0018H

*** NEW ROOT ********************

?C_C51STARTUP                     ----- -----  ----- -----
  +--> MAIN/MAIN

MAIN/MAIN                         ----- -----  ----- -----
  +--> DISPATCH_INIT/MAIN
  +--> HSCH_INIT_T0/0_02_11H
  +--> _HSCH_ADD_TASK/HSCH51
  +--> HSCH_START/0_02_11H
  +--> HSCH_DISPATCH_TASKS/HSCH51

DISPATCH_INIT/MAIN                ----- -----  ----- -----
  +--> MEMORY_INIT/MEMORY
  +--> OUTPUT_INIT/OUTPUT
  +--> INPUT_INIT/INPUT
  +--> COMMCMDALL_INIT/COMMCMDALL
  +--> DECISION_INIT/DECISION
  +--> ERROR_INIT/ERROR

MEMORY_INIT/MEMORY                ----- -----  ----- -----

OUTPUT_INIT/OUTPUT                ----- -----  ----- -----

INPUT_INIT/INPUT                  ----- -----  ----- -----

COMMCMDALL_INIT/COMMCMDALL        ----- -----  ----- -----
  +--> SERIALS1_INIT/SERIALS1
  +--> SERIALS2_INIT/SERIALS2
  +--> COMMCMDS1_INIT/COMMCMDS1
  +--> COMMCMDS2_INIT/COMMCMDS2

SERIALS1_INIT/SERIALS1            ----- -----  ----- -----

SERIALS2_INIT/SERIALS2            ----- -----  ----- -----

COMMCMDS1_INIT/COMMCMDS1          ----- -----  ----- -----

COMMCMDS2_INIT/COMMCMDS2          ----- -----  ----- -----

DECISION_INIT/DECISION            ----- -----  ----- -----

ERROR_INIT/ERROR                  ----- -----  ----- -----

HSCH_INIT_T0/0_02_11H             ----- -----  ----- -----

_HSCH_ADD_TASK/HSCH51             21H.3 21H.3  ----- -----

HSCH_START/0_02_11H               ----- -----  ----- -----

HSCH_DISPATCH_TASKS/HSCH51        ----- -----  0019H 0019H
  +--> HSCH_GO_TO_SLEEP/HSCH51
  +--> COMM_UPDATE/MAIN
  +--> DISPATCH_UPDATE/MAIN

HSCH_GO_TO_SLEEP/HSCH51           ----- -----  ----- -----
LX51 LINKER/LOCATER V4.66.66.0                                                        04/30/2018  05:07:22  PAGE 4



COMM_UPDATE/MAIN                  ----- -----  ----- -----
  +--> SERIALALL_UPDATE/COMMCMDALL

SERIALALL_UPDATE/COMMCMDALL       ----- -----  ----- -----
  +--> SERIALS1_UPDATE/SERIALS1
  +--> SERIALS2_UPDATE/SERIALS2

SERIALS1_UPDATE/SERIALS1          ----- -----  ----- -----

SERIALS2_UPDATE/SERIALS2          ----- -----  ----- -----

DISPATCH_UPDATE/MAIN              ----- -----  ----- -----
  +--> INPUT_UPDATE/INPUT
  +--> DECISION_UPDATE/DECISION
  +--> ERROR_UPDATE/ERROR
  +--> MEMORY_UPDATE/MEMORY
  +--> COMMCMDALL_UPDATE/COMMCMDALL
  +--> OUTPUT_UPDATE/OUTPUT

INPUT_UPDATE/INPUT                ----- -----  ----- -----

DECISION_UPDATE/DECISION          ----- -----  ----- -----

ERROR_UPDATE/ERROR                ----- -----  ----- -----

MEMORY_UPDATE/MEMORY              ----- -----  ----- -----

COMMCMDALL_UPDATE/COMMCMDALL      ----- -----  ----- -----
  +--> COMMCMDS1_UPDATE/COMMCMDS1
  +--> COMMCMDS2_UPDATE/COMMCMDS2

COMMCMDS1_UPDATE/COMMCMDS1        ----- -----  001AH 001BH
  +--> S1_GETRECVCOUNT/SERIALS1
  +--> SERIALS1_SEND/SERIALS1

S1_GETRECVCOUNT/SERIALS1          ----- -----  ----- -----

SERIALS1_SEND/SERIALS1            ----- -----  ----- -----
  +--> S1_GETSENDCOUNT/SERIALS1

S1_GETSENDCOUNT/SERIALS1          ----- -----  ----- -----

COMMCMDS2_UPDATE/COMMCMDS2        ----- -----  ----- -----
  +--> S2_GETRECVCOUNT/SERIALS2
  +--> SERIALS2_SEND/SERIALS2

S2_GETRECVCOUNT/SERIALS2          ----- -----  ----- -----

SERIALS2_SEND/SERIALS2            ----- -----  ----- -----
  +--> S2_GETSENDCOUNT/SERIALS2

S2_GETSENDCOUNT/SERIALS2          ----- -----  ----- -----

OUTPUT_UPDATE/OUTPUT              ----- -----  ----- -----



PUBLIC SYMBOLS OF MODULE:  ..\HexCode\Solar1_2 (MAIN)


      VALUE       CLASS    TYPE      PUBLIC SYMBOL NAME
      =================================================
      00000021H.3 BIT      BIT       ?_hSCH_Add_Task?BIT
      00000000H   NUMBER   ---       ?C?CODESEG
LX51 LINKER/LOCATER V4.66.66.0                                                        04/30/2018  05:07:22  PAGE 5


      010008FCH   CODE     ---       ?C?ICALL
      01000900H   CODE     ---       ?C?ICALL2
      00000000H   NUMBER   ---       ?C?XDATASEG
      01000763H   CODE     ---       ?C_START
      01000000H   CODE     ---       ?C_STARTUP
      01000696H   CODE     ---       _hSCH_Add_Task
      00000020H.7 BIT      BIT       b_PulseStatus
      00000021H.0 BIT      BIT       b_READ_INFO
      00000020H.0 BIT      BIT       b_SAVE_CHARGE
      00000020H.1 BIT      BIT       b_SAVE_INFO
      00000020H.4 BIT      BIT       b_SAVE_RECORD
      00000020H.2 BIT      BIT       b_Soft_Trap1
      00000020H.3 BIT      BIT       b_Soft_Trap2
      00000020H.6 BIT      BIT       b_SYS_RESET
      0200001FH   XDATA    LONG      Backwater_Temp
      0200008DH   XDATA    LONG      Backwater_Valve1
      0200009AH   XDATA    LONG      Backwater_Valve2
      02000124H   XDATA    LONG      Class
      020000EAH   XDATA    LONG      Comeout_Temp
      02000013H   XDATA    DWORD     Comm_TimeTick
      01000906H   CODE     ---       Comm_Update
      010008DEH   CODE     ---       CommCmdAll_Init
      010008F6H   CODE     ---       CommCmdAll_Update
      01000810H   CODE     ---       CommCmdS1_Init
      0100000EH   CODE     ---       CommCmdS1_Update
      0100082CH   CODE     ---       CommCmdS2_Init
      01000616H   CODE     ---       CommCmdS2_Update
      0000001EH   IDATA    WORD      CRC
      020000C9H   XDATA    BYTE      Day_G
      01000910H   CODE     ---       Decision_Init
      01000911H   CODE     ---       Decision_Update
      02000075H   XDATA    LONG      Device_type1
      02000079H   XDATA    LONG      Device_type2
      02000081H   XDATA    LONG      Device_type3
      02000089H   XDATA    LONG      Device_type4
      02000096H   XDATA    LONG      Device_type5
      010007F0H   CODE     ---       Dispatch_Init
      010007AAH   CODE     ---       Dispatch_Update
      020000DAH   XDATA    LONG      ELE
      020000B5H   XDATA    LONG      Electric_Meter_id
      0200000CH   XDATA    BYTE      Error_code
      01000912H   CODE     ---       Error_Init
      01000913H   CODE     ---       Error_Update
      02000128H   XDATA    BYTE      Floors
      020000E6H   XDATA    DWORD     G_time
      02000112H   XDATA    LONG      Gateway_Num
      02000002H   XDATA    WORD      gTimeTick
      020000AFH   XDATA    LONG      Heat_Pump_id
      010006FFH   CODE     ---       hSCH_Dispatch_Tasks
      01000902H   CODE     ---       hSCH_Go_To_Sleep
      010008ACH   CODE     ---       hSCH_Init_T0
      01000909H   CODE     ---       hSCH_Start
      00000008H   DATA     ---       hSCH_tasks_G
      0100036FH   CODE     ---       hSCH_Update
      02000004H   XDATA    LONG      I_a
      02000008H   XDATA    LONG      I_b
      0200000DH   XDATA    LONG      I_c
      02000095H   XDATA    BYTE      I_State
      020000FDH   XDATA    LONG      I_Work_State1
      02000101H   XDATA    LONG      I_Work_State2
      02000106H   XDATA    LONG      I_Work_State3
      01000009H   CODE     ---       Input_Init
      0100000AH   CODE     ---       Input_Update
      0000001DH   IDATA    BYTE      Koncentrator_Delay
      020000CAH   XDATA    LONG      m_AreaCode
LX51 LINKER/LOCATER V4.66.66.0                                                        04/30/2018  05:07:22  PAGE 6


      020000ABH   XDATA    LONG      m_BuildingNum
      00000020H.5 BIT      BIT       m_Change
      020000F2H   XDATA    ---       m_Error
      020000D8H   XDATA    BYTE      m_Input_Count
      020000B9H   XDATA    ---       m_Param
      0200006FH   XDATA    LONG      m_Project
      0200010AH   XDATA    WORD      m_PulseCount
      02000011H   XDATA    WORD      m_Pulsetime
      02000047H   XDATA    ---       m_ROM_Buff
      020000D9H   XDATA    BYTE      m_State
      02000000H   XDATA    WORD      m_time
      0200011CH   XDATA    LONG      m_UserCode
      020000D7H   XDATA    BYTE      m_Vision
      01000763H   CODE     ---       main
      0100090EH   CODE     ---       Memory_Init
      0100090FH   CODE     ---       Memory_Update
      02000120H   XDATA    BYTE      mLED1
      02000121H   XDATA    BYTE      mLED2
      02000122H   XDATA    BYTE      mLED3
      02000123H   XDATA    BYTE      mLED4
      020000A6H   XDATA    BYTE      Month_G
      02000038H   XDATA    BYTE      my1
      0200003DH   XDATA    BYTE      my2
      02000042H   XDATA    BYTE      my3
      02000043H   XDATA    BYTE      my4
      02000044H   XDATA    BYTE      my5
      02000110H   XDATA    WORD      n_PulseCount
      02000129H   XDATA    BYTE      Oper_State
      02000116H   XDATA    LONG      Out_Humidity
      020000F8H   XDATA    BYTE      out_mode
      020000B4H   XDATA    BYTE      out_State
      0200009EH   XDATA    LONG      Out_Temperature
      0200007DH   XDATA    LONG      Outlet_Temp1
      02000085H   XDATA    LONG      Outlet_Temp2
      02000091H   XDATA    LONG      Outlet_Temp3
      0100090CH   CODE     ---       Output_Init
      0100090DH   CODE     ---       Output_Update
      02000017H   XDATA    LONG      P_a
      0200001BH   XDATA    LONG      P_b
      02000027H   XDATA    LONG      P_c
      020000DEH   XDATA    LONG      PF_a
      020000E2H   XDATA    LONG      PF_b
      020000EEH   XDATA    LONG      PF_c
      00000021H.1 BIT      BIT       S1_b_SendPrce
      01000861H   CODE     ---       S1_GetRecvCount
      01000848H   CODE     ---       S1_GetSendCount
      0200012CH   XDATA    ---       S1_Recv_Buff
      0000002BH   IDATA    BYTE      S1_Recv_Idle_Count
      00000022H   IDATA    BYTE      S1_RecvCount
      00000023H   IDATA    BYTE      S1_RecvLen
      0000002AH   IDATA    BYTE      S1_RecvPrcePtr
      00000027H   IDATA    BYTE      S1_RecvPtr
      0000002CH   IDATA    BYTE      S1_RecvState
      00000026H   IDATA    BYTE      S1_RecvSum
      00000029H   IDATA    BYTE      S1_SendPrcePtr
      00000025H   IDATA    BYTE      S1_SendPtr
      020001CCH   XDATA    ---       S1_Tran_Buff
      00000024H   IDATA    BYTE      S1_TranLen
      00000028H   IDATA    BYTE      S1_TranPtr
      00000021H.2 BIT      BIT       S2_b_SendPrce
      01000893H   CODE     ---       S2_GetRecvCount
      0100087AH   CODE     ---       S2_GetSendCount
      0200021CH   XDATA    ---       S2_Recv_Buff
      00000036H   IDATA    BYTE      S2_Recv_Idle_Count
      0000002DH   IDATA    BYTE      S2_RecvCount
LX51 LINKER/LOCATER V4.66.66.0                                                        04/30/2018  05:07:22  PAGE 7


      0000002EH   IDATA    BYTE      S2_RecvLen
      00000035H   IDATA    BYTE      S2_RecvPrcePtr
      00000032H   IDATA    BYTE      S2_RecvPtr
      00000037H   IDATA    BYTE      S2_RecvState
      00000031H   IDATA    BYTE      S2_RecvSum
      00000034H   IDATA    BYTE      S2_SendPrcePtr
      00000030H   IDATA    BYTE      S2_SendPtr
      020002BCH   XDATA    ---       S2_Tran_Buff
      0000002FH   IDATA    BYTE      S2_TranLen
      00000033H   IDATA    BYTE      S2_TranPtr
      02000073H   XDATA    WORD      Send_Interval_Time
      01000003H   CODE     ---       SerialAll_Update
      010008BDH   CODE     ---       SerialS1_Init
      0100053DH   CODE     ---       SerialS1_Send
      01000262H   CODE     ---       SerialS1_Update
      010008CEH   CODE     ---       SerialS2_Init
      01000463H   CODE     ---       SerialS2_Send
      0100014FH   CODE     ---       SerialS2_Update
      020000CEH   XDATA    BYTE      Server_Floors_Start
      020000F7H   XDATA    BYTE      Server_Floors_Stop
      0200010CH   XDATA    DWORD     Set_H_time
      0200011AH   XDATA    WORD      Set_M_time
      0200012AH   XDATA    BYTE      STA_4
      0200012BH   XDATA    BYTE      STB_4
      0000001CH   IDATA    BYTE      Step_Koncentrator
      02000046H   XDATA    BYTE      StepGate
      02000045H   XDATA    BYTE      StepGate_flag
      020000CFH   XDATA    LONG      Supply_Pump1
      020000D3H   XDATA    LONG      Supply_Pump2
      02000105H   XDATA    BYTE      SYS_RESET
      020000B3H   XDATA    BYTE      T_State
      02000033H   XDATA    BYTE      time_State
      02000034H   XDATA    LONG      V_a
      02000039H   XDATA    LONG      V_b
      0200003EH   XDATA    LONG      V_c
      02000023H   XDATA    LONG      Water_Level1
      0200002BH   XDATA    LONG      Water_Level2
      0200002FH   XDATA    LONG      Water_Meter_id
      0200006BH   XDATA    LONG      Water_Supply_id
      02000067H   XDATA    LONG      Water_Tank_id
      020000A2H   XDATA    LONG      Water_Temp1
      020000A7H   XDATA    LONG      Water_Temp2
      020000F9H   XDATA    LONG      Water_Volume



SYMBOL TABLE OF MODULE:  ..\HexCode\Solar1_2 (MAIN)

      VALUE       REP       CLASS    TYPE      SYMBOL NAME
      ====================================================
      ---         MODULE    ---      ---       MAIN
      0200012BH   PUBLIC    XDATA    BYTE      STB_4
      0200012AH   PUBLIC    XDATA    BYTE      STA_4
      02000129H   PUBLIC    XDATA    BYTE      Oper_State
      02000128H   PUBLIC    XDATA    BYTE      Floors
      02000124H   PUBLIC    XDATA    LONG      Class
      02000123H   PUBLIC    XDATA    BYTE      mLED4
      02000122H   PUBLIC    XDATA    BYTE      mLED3
      02000121H   PUBLIC    XDATA    BYTE      mLED2
      02000120H   PUBLIC    XDATA    BYTE      mLED1
      00000021H.0 PUBLIC    BIT      BIT       b_READ_INFO
      0200011CH   PUBLIC    XDATA    LONG      m_UserCode
      0200011AH   PUBLIC    XDATA    WORD      Set_M_time
      02000116H   PUBLIC    XDATA    LONG      Out_Humidity
      02000112H   PUBLIC    XDATA    LONG      Gateway_Num
LX51 LINKER/LOCATER V4.66.66.0                                                        04/30/2018  05:07:22  PAGE 8


      02000110H   PUBLIC    XDATA    WORD      n_PulseCount
      0200010CH   PUBLIC    XDATA    DWORD     Set_H_time
      0200010AH   PUBLIC    XDATA    WORD      m_PulseCount
      02000106H   PUBLIC    XDATA    LONG      I_Work_State3
      02000105H   PUBLIC    XDATA    BYTE      SYS_RESET
      02000101H   PUBLIC    XDATA    LONG      I_Work_State2
      020000FDH   PUBLIC    XDATA    LONG      I_Work_State1
      020000F9H   PUBLIC    XDATA    LONG      Water_Volume
      020000F8H   PUBLIC    XDATA    BYTE      out_mode
      020000F7H   PUBLIC    XDATA    BYTE      Server_Floors_Stop
      020000F2H   PUBLIC    XDATA    ---       m_Error
      020000EEH   PUBLIC    XDATA    LONG      PF_c
      020000EAH   PUBLIC    XDATA    LONG      Comeout_Temp
      020000E6H   PUBLIC    XDATA    DWORD     G_time
      020000E2H   PUBLIC    XDATA    LONG      PF_b
      0000001EH   PUBLIC    IDATA    WORD      CRC
      00000020H.7 PUBLIC    BIT      BIT       b_PulseStatus
      020000DEH   PUBLIC    XDATA    LONG      PF_a
      020000DAH   PUBLIC    XDATA    LONG      ELE
      0000001DH   PUBLIC    IDATA    BYTE      Koncentrator_Delay
      020000D9H   PUBLIC    XDATA    BYTE      m_State
      020000D8H   PUBLIC    XDATA    BYTE      m_Input_Count
      020000D7H   PUBLIC    XDATA    BYTE      m_Vision
      020000D3H   PUBLIC    XDATA    LONG      Supply_Pump2
      020000CFH   PUBLIC    XDATA    LONG      Supply_Pump1
      020000CEH   PUBLIC    XDATA    BYTE      Server_Floors_Start
      020000CAH   PUBLIC    XDATA    LONG      m_AreaCode
      020000C9H   PUBLIC    XDATA    BYTE      Day_G
      020000B9H   PUBLIC    XDATA    ---       m_Param
      020000B5H   PUBLIC    XDATA    LONG      Electric_Meter_id
      020000B4H   PUBLIC    XDATA    BYTE      out_State
      020000B3H   PUBLIC    XDATA    BYTE      T_State
      020000AFH   PUBLIC    XDATA    LONG      Heat_Pump_id
      020000ABH   PUBLIC    XDATA    LONG      m_BuildingNum
      020000A7H   PUBLIC    XDATA    LONG      Water_Temp2
      020000A6H   PUBLIC    XDATA    BYTE      Month_G
      020000A2H   PUBLIC    XDATA    LONG      Water_Temp1
      0200009EH   PUBLIC    XDATA    LONG      Out_Temperature
      0200009AH   PUBLIC    XDATA    LONG      Backwater_Valve2
      02000096H   PUBLIC    XDATA    LONG      Device_type5
      02000095H   PUBLIC    XDATA    BYTE      I_State
      02000091H   PUBLIC    XDATA    LONG      Outlet_Temp3
      0200008DH   PUBLIC    XDATA    LONG      Backwater_Valve1
      02000089H   PUBLIC    XDATA    LONG      Device_type4
      02000085H   PUBLIC    XDATA    LONG      Outlet_Temp2
      02000081H   PUBLIC    XDATA    LONG      Device_type3
      0200007DH   PUBLIC    XDATA    LONG      Outlet_Temp1
      02000079H   PUBLIC    XDATA    LONG      Device_type2
      02000075H   PUBLIC    XDATA    LONG      Device_type1
      02000073H   PUBLIC    XDATA    WORD      Send_Interval_Time
      0200006FH   PUBLIC    XDATA    LONG      m_Project
      00000020H.6 PUBLIC    BIT      BIT       b_SYS_RESET
      0200006BH   PUBLIC    XDATA    LONG      Water_Supply_id
      02000067H   PUBLIC    XDATA    LONG      Water_Tank_id
      02000047H   PUBLIC    XDATA    ---       m_ROM_Buff
      02000046H   PUBLIC    XDATA    BYTE      StepGate
      02000045H   PUBLIC    XDATA    BYTE      StepGate_flag
      02000044H   PUBLIC    XDATA    BYTE      my5
      02000043H   PUBLIC    XDATA    BYTE      my4
      02000042H   PUBLIC    XDATA    BYTE      my3
      0200003EH   PUBLIC    XDATA    LONG      V_c
      0200003DH   PUBLIC    XDATA    BYTE      my2
      02000039H   PUBLIC    XDATA    LONG      V_b
      02000038H   PUBLIC    XDATA    BYTE      my1
      00000020H.5 PUBLIC    BIT      BIT       m_Change
LX51 LINKER/LOCATER V4.66.66.0                                                        04/30/2018  05:07:22  PAGE 9


      02000034H   PUBLIC    XDATA    LONG      V_a
      02000033H   PUBLIC    XDATA    BYTE      time_State
      00000020H.4 PUBLIC    BIT      BIT       b_SAVE_RECORD
      0200002FH   PUBLIC    XDATA    LONG      Water_Meter_id
      0200002BH   PUBLIC    XDATA    LONG      Water_Level2
      02000027H   PUBLIC    XDATA    LONG      P_c
      02000023H   PUBLIC    XDATA    LONG      Water_Level1
      0200001FH   PUBLIC    XDATA    LONG      Backwater_Temp
      0200001BH   PUBLIC    XDATA    LONG      P_b
      02000017H   PUBLIC    XDATA    LONG      P_a
      02000013H   PUBLIC    XDATA    DWORD     Comm_TimeTick
      00000020H.3 PUBLIC    BIT      BIT       b_Soft_Trap2
      00000020H.2 PUBLIC    BIT      BIT       b_Soft_Trap1
      02000011H   PUBLIC    XDATA    WORD      m_Pulsetime
      0200000DH   PUBLIC    XDATA    LONG      I_c
      0200000CH   PUBLIC    XDATA    BYTE      Error_code
      02000008H   PUBLIC    XDATA    LONG      I_b
      02000004H   PUBLIC    XDATA    LONG      I_a
      02000002H   PUBLIC    XDATA    WORD      gTimeTick
      0000001CH   PUBLIC    IDATA    BYTE      Step_Koncentrator
      00000020H.1 PUBLIC    BIT      BIT       b_SAVE_INFO
      00000020H.0 PUBLIC    BIT      BIT       b_SAVE_CHARGE
      02000000H   PUBLIC    XDATA    WORD      m_time
      010007F0H   PUBLIC    CODE     ---       Dispatch_Init
      010007AAH   PUBLIC    CODE     ---       Dispatch_Update
      01000906H   PUBLIC    CODE     ---       Comm_Update
      01000763H   PUBLIC    CODE     ---       main

      01000763H   BLOCK     CODE     ---       LVL=0
      ---         BLOCKEND  ---      ---       LVL=0

      01000906H   BLOCK     CODE     ---       LVL=0
      ---         BLOCKEND  ---      ---       LVL=0

      010007AAH   BLOCK     CODE     ---       LVL=0
      ---         BLOCKEND  ---      ---       LVL=0

      010007F0H   BLOCK     CODE     ---       LVL=0
      ---         BLOCKEND  ---      ---       LVL=0

      ---         MODULE    ---      ---       0_02_11H
      0100036FH   PUBLIC    CODE     ---       hSCH_Update
      01000909H   PUBLIC    CODE     ---       hSCH_Start
      010008ACH   PUBLIC    CODE     ---       hSCH_Init_T0

      010008ACH   BLOCK     CODE     ---       LVL=0
      ---         BLOCKEND  ---      ---       LVL=0

      01000909H   BLOCK     CODE     ---       LVL=0
      ---         BLOCKEND  ---      ---       LVL=0

      0100036FH   BLOCK     CODE     ---       LVL=0
      0100038CH   BLOCK     CODE     NEAR LAB  LVL=1
      00000018H   SYMBOL    DATA     VOID      Index
      ---         BLOCKEND  ---      ---       LVL=1
      ---         BLOCKEND  ---      ---       LVL=0

      ---         MODULE    ---      ---       HSCH51
      00000008H   PUBLIC    DATA     ---       hSCH_tasks_G
      01000902H   PUBLIC    CODE     ---       hSCH_Go_To_Sleep
      00000021H.3 PUBLIC    BIT      BIT       ?_hSCH_Add_Task?BIT
      01000696H   PUBLIC    CODE     ---       _hSCH_Add_Task
      010006FFH   PUBLIC    CODE     ---       hSCH_Dispatch_Tasks

      010006FFH   BLOCK     CODE     ---       LVL=0
LX51 LINKER/LOCATER V4.66.66.0                                                        04/30/2018  05:07:22  PAGE 10


      010006FFH   BLOCK     CODE     NEAR LAB  LVL=1
      00000019H   SYMBOL    DATA     VOID      Index
      ---         BLOCKEND  ---      ---       LVL=1
      ---         BLOCKEND  ---      ---       LVL=0

      01000696H   BLOCK     CODE     ---       LVL=0
      01000696H   BLOCK     CODE     NEAR LAB  LVL=1
      00000004H   SYMBOL    DATA     VOID      Index
      ---         BLOCKEND  ---      ---       LVL=1
      ---         BLOCKEND  ---      ---       LVL=0

      01000902H   BLOCK     CODE     ---       LVL=0
      ---         BLOCKEND  ---      ---       LVL=0

      ---         MODULE    ---      ---       SERIALS1
      0000002CH   PUBLIC    IDATA    BYTE      S1_RecvState
      020001CCH   PUBLIC    XDATA    ---       S1_Tran_Buff
      0200012CH   PUBLIC    XDATA    ---       S1_Recv_Buff
      0000002BH   PUBLIC    IDATA    BYTE      S1_Recv_Idle_Count
      00000021H.1 PUBLIC    BIT      BIT       S1_b_SendPrce
      0000002AH   PUBLIC    IDATA    BYTE      S1_RecvPrcePtr
      00000029H   PUBLIC    IDATA    BYTE      S1_SendPrcePtr
      00000028H   PUBLIC    IDATA    BYTE      S1_TranPtr
      00000027H   PUBLIC    IDATA    BYTE      S1_RecvPtr
      00000026H   PUBLIC    IDATA    BYTE      S1_RecvSum
      00000025H   PUBLIC    IDATA    BYTE      S1_SendPtr
      00000024H   PUBLIC    IDATA    BYTE      S1_TranLen
      00000023H   PUBLIC    IDATA    BYTE      S1_RecvLen
      00000022H   PUBLIC    IDATA    BYTE      S1_RecvCount
      01000861H   PUBLIC    CODE     ---       S1_GetRecvCount
      01000848H   PUBLIC    CODE     ---       S1_GetSendCount
      0100053DH   PUBLIC    CODE     ---       SerialS1_Send
      01000262H   PUBLIC    CODE     ---       SerialS1_Update
      010008BDH   PUBLIC    CODE     ---       SerialS1_Init

      010008BDH   BLOCK     CODE     ---       LVL=0
      ---         BLOCKEND  ---      ---       LVL=0

      01000262H   BLOCK     CODE     ---       LVL=0
      ---         BLOCKEND  ---      ---       LVL=0

      0100053DH   BLOCK     CODE     ---       LVL=0
      0100053DH   BLOCK     CODE     NEAR LAB  LVL=1
      00000007H   SYMBOL    DATA     VOID      i
      00000006H   SYMBOL    DATA     VOID      len
      ---         BLOCKEND  ---      ---       LVL=1
      ---         BLOCKEND  ---      ---       LVL=0

      01000848H   BLOCK     CODE     ---       LVL=0
      ---         BLOCKEND  ---      ---       LVL=0

      01000861H   BLOCK     CODE     ---       LVL=0
      ---         BLOCKEND  ---      ---       LVL=0

      ---         MODULE    ---      ---       SERIALS2
      00000037H   PUBLIC    IDATA    BYTE      S2_RecvState
      020002BCH   PUBLIC    XDATA    ---       S2_Tran_Buff
      0200021CH   PUBLIC    XDATA    ---       S2_Recv_Buff
      00000036H   PUBLIC    IDATA    BYTE      S2_Recv_Idle_Count
      00000021H.2 PUBLIC    BIT      BIT       S2_b_SendPrce
      00000035H   PUBLIC    IDATA    BYTE      S2_RecvPrcePtr
      00000034H   PUBLIC    IDATA    BYTE      S2_SendPrcePtr
      00000033H   PUBLIC    IDATA    BYTE      S2_TranPtr
      00000032H   PUBLIC    IDATA    BYTE      S2_RecvPtr
      00000031H   PUBLIC    IDATA    BYTE      S2_RecvSum
LX51 LINKER/LOCATER V4.66.66.0                                                        04/30/2018  05:07:22  PAGE 11


      00000030H   PUBLIC    IDATA    BYTE      S2_SendPtr
      0000002FH   PUBLIC    IDATA    BYTE      S2_TranLen
      0000002EH   PUBLIC    IDATA    BYTE      S2_RecvLen
      0000002DH   PUBLIC    IDATA    BYTE      S2_RecvCount
      01000893H   PUBLIC    CODE     ---       S2_GetRecvCount
      0100087AH   PUBLIC    CODE     ---       S2_GetSendCount
      01000463H   PUBLIC    CODE     ---       SerialS2_Send
      0100014FH   PUBLIC    CODE     ---       SerialS2_Update
      010008CEH   PUBLIC    CODE     ---       SerialS2_Init

      010008CEH   BLOCK     CODE     ---       LVL=0
      ---         BLOCKEND  ---      ---       LVL=0

      0100014FH   BLOCK     CODE     ---       LVL=0
      ---         BLOCKEND  ---      ---       LVL=0

      01000463H   BLOCK     CODE     ---       LVL=0
      01000463H   BLOCK     CODE     NEAR LAB  LVL=1
      00000007H   SYMBOL    DATA     VOID      i
      00000006H   SYMBOL    DATA     VOID      len
      ---         BLOCKEND  ---      ---       LVL=1
      ---         BLOCKEND  ---      ---       LVL=0

      0100087AH   BLOCK     CODE     ---       LVL=0
      ---         BLOCKEND  ---      ---       LVL=0

      01000893H   BLOCK     CODE     ---       LVL=0
      ---         BLOCKEND  ---      ---       LVL=0

      ---         MODULE    ---      ---       COMMCMDALL
      010008F6H   PUBLIC    CODE     ---       CommCmdAll_Update
      01000003H   PUBLIC    CODE     ---       SerialAll_Update
      010008DEH   PUBLIC    CODE     ---       CommCmdAll_Init

      010008DEH   BLOCK     CODE     ---       LVL=0
      ---         BLOCKEND  ---      ---       LVL=0

      01000003H   BLOCK     CODE     ---       LVL=0
      ---         BLOCKEND  ---      ---       LVL=0

      010008F6H   BLOCK     CODE     ---       LVL=0
      ---         BLOCKEND  ---      ---       LVL=0

      ---         MODULE    ---      ---       COMMCMDS1
      0100000EH   PUBLIC    CODE     ---       CommCmdS1_Update
      01000810H   PUBLIC    CODE     ---       CommCmdS1_Init

      01000810H   BLOCK     CODE     ---       LVL=0
      ---         BLOCKEND  ---      ---       LVL=0

      0100000EH   BLOCK     CODE     ---       LVL=0
      0100000EH   BLOCK     CODE     NEAR LAB  LVL=1
      0000001AH   SYMBOL    DATA     VOID      j
      0000001BH   SYMBOL    DATA     VOID      k
      ---         BLOCKEND  ---      ---       LVL=1
      ---         BLOCKEND  ---      ---       LVL=0

      ---         MODULE    ---      ---       COMMCMDS2
      01000616H   PUBLIC    CODE     ---       CommCmdS2_Update
      0100082CH   PUBLIC    CODE     ---       CommCmdS2_Init

      0100082CH   BLOCK     CODE     ---       LVL=0
      ---         BLOCKEND  ---      ---       LVL=0

      01000616H   BLOCK     CODE     ---       LVL=0
LX51 LINKER/LOCATER V4.66.66.0                                                        04/30/2018  05:07:22  PAGE 12


      01000616H   BLOCK     CODE     NEAR LAB  LVL=1
      00000007H   SYMBOL    DATA     VOID      j
      00000007H   SYMBOL    DATA     VOID      k
      ---         BLOCKEND  ---      ---       LVL=1
      ---         BLOCKEND  ---      ---       LVL=0

      ---         MODULE    ---      ---       INPUT
      0100000AH   PUBLIC    CODE     ---       Input_Update
      01000009H   PUBLIC    CODE     ---       Input_Init

      01000009H   BLOCK     CODE     ---       LVL=0
      ---         BLOCKEND  ---      ---       LVL=0

      0100000AH   BLOCK     CODE     ---       LVL=0
      ---         BLOCKEND  ---      ---       LVL=0

      ---         MODULE    ---      ---       OUTPUT
      0100090DH   PUBLIC    CODE     ---       Output_Update
      0100090CH   PUBLIC    CODE     ---       Output_Init

      0100090CH   BLOCK     CODE     ---       LVL=0
      ---         BLOCKEND  ---      ---       LVL=0

      0100090DH   BLOCK     CODE     ---       LVL=0
      ---         BLOCKEND  ---      ---       LVL=0

      ---         MODULE    ---      ---       BEEP

      ---         MODULE    ---      ---       LED

      ---         MODULE    ---      ---       FLASHROM

      ---         MODULE    ---      ---       MEMORY
      0100090FH   PUBLIC    CODE     ---       Memory_Update
      0100090EH   PUBLIC    CODE     ---       Memory_Init

      0100090EH   BLOCK     CODE     ---       LVL=0
      ---         BLOCKEND  ---      ---       LVL=0

      0100090FH   BLOCK     CODE     ---       LVL=0
      ---         BLOCKEND  ---      ---       LVL=0

      ---         MODULE    ---      ---       DECISION
      01000911H   PUBLIC    CODE     ---       Decision_Update
      01000910H   PUBLIC    CODE     ---       Decision_Init

      01000910H   BLOCK     CODE     ---       LVL=0
      ---         BLOCKEND  ---      ---       LVL=0

      01000911H   BLOCK     CODE     ---       LVL=0
      ---         BLOCKEND  ---      ---       LVL=0

      ---         MODULE    ---      ---       ERROR
      01000913H   PUBLIC    CODE     ---       Error_Update
      01000912H   PUBLIC    CODE     ---       Error_Init

      01000912H   BLOCK     CODE     ---       LVL=0
      ---         BLOCKEND  ---      ---       LVL=0

      01000913H   BLOCK     CODE     ---       LVL=0
      ---         BLOCKEND  ---      ---       LVL=0

      ---         MODULE    ---      ---       ?C_STARTUP
      01000000H   PUBLIC    CODE     ---       ?C_STARTUP

LX51 LINKER/LOCATER V4.66.66.0                                                        04/30/2018  05:07:22  PAGE 13


      ---         MODULE    ---      ---       ?C?ICALL
      010008FCH   PUBLIC    CODE     ---       ?C?ICALL
      01000900H   PUBLIC    CODE     ---       ?C?ICALL2

Program Size: data=56.4 xdata=780 const=0 code=2324
LX51 RUN COMPLETE.  0 WARNING(S),  0 ERROR(S)
