LX51 LINKER/LOCATER V4.66.66.0                                                          01/06/2018  20:09:02  PAGE 1


LX51 LINKER/LOCATER V4.66.66.0, INVOKED BY:
C:\PROGRAM FILES\MYPROJEC\KEIL\C51\BIN\LX51.EXE ..\HexCode\Main.obj, ..\HexCode\0_02_11h.obj, ..\HexCode\hSch51.obj, ..\
>> HexCode\serialS1.obj, ..\HexCode\serialS2.obj, ..\HexCode\serialS3.obj, ..\HexCode\serialS4.obj, ..\HexCode\CommCmdAl
>> l.obj, ..\HexCode\CommCmdS1.obj, ..\HexCode\CommCmdS2.obj, ..\HexCode\CommCmdS3.obj, ..\HexCode\CommCmdS4.obj, ..\Hex
>> Code\Input.obj, ..\HexCode\Output.obj, ..\HexCode\beep.obj, ..\HexCode\led.obj, ..\HexCode\FlashRom.obj, ..\HexCode\m
>> emory.obj, ..\HexCode\Decision.obj, ..\HexCode\Error.obj TO ..\HexCode\Solar1 PRINT (.\Solar1.map) OVERLAY (MAIN ~  (
>> COMM_UPDATE, DISPATCH_UPDATE), HSCH_DISPATCH_TASKS !  (COMM_UPDATE, DISPATCH_UPDATE))


CPU MODE:     8051 MODE
MEMORY MODEL: SMALL


INPUT MODULES INCLUDED:
  ..\HexCode\Main.obj (MAIN)
         COMMENT TYPE 0: C51 V9.56.0.0
  ..\HexCode\0_02_11h.obj (0_02_11H)
         COMMENT TYPE 0: C51 V9.56.0.0
  ..\HexCode\hSch51.obj (HSCH51)
         COMMENT TYPE 0: C51 V9.56.0.0
  ..\HexCode\serialS1.obj (SERIALS1)
         COMMENT TYPE 0: C51 V9.56.0.0
  ..\HexCode\serialS2.obj (SERIALS2)
         COMMENT TYPE 0: C51 V9.56.0.0
  ..\HexCode\serialS3.obj (SERIALS3)
         COMMENT TYPE 0: C51 V9.56.0.0
  ..\HexCode\serialS4.obj (SERIALS4)
         COMMENT TYPE 0: C51 V9.56.0.0
  ..\HexCode\CommCmdAll.obj (COMMCMDALL)
         COMMENT TYPE 0: C51 V9.56.0.0
  ..\HexCode\CommCmdS1.obj (COMMCMDS1)
         COMMENT TYPE 0: C51 V9.56.0.0
  ..\HexCode\CommCmdS2.obj (COMMCMDS2)
         COMMENT TYPE 0: C51 V9.56.0.0
  ..\HexCode\CommCmdS3.obj (COMMCMDS3)
         COMMENT TYPE 0: C51 V9.56.0.0
  ..\HexCode\CommCmdS4.obj (COMMCMDS4)
         COMMENT TYPE 0: C51 V9.56.0.0
  ..\HexCode\Input.obj (INPUT)
         COMMENT TYPE 0: C51 V9.56.0.0
  ..\HexCode\Output.obj (OUTPUT)
         COMMENT TYPE 0: C51 V9.56.0.0
  ..\HexCode\beep.obj (BEEP)
         COMMENT TYPE 0: C51 V9.56.0.0
  ..\HexCode\led.obj (LED)
         COMMENT TYPE 0: C51 V9.56.0.0
  ..\HexCode\FlashRom.obj (FLASHROM)
         COMMENT TYPE 0: C51 V9.56.0.0
  ..\HexCode\memory.obj (MEMORY)
         COMMENT TYPE 0: C51 V9.56.0.0
  ..\HexCode\Decision.obj (DECISION)
         COMMENT TYPE 0: C51 V9.56.0.0
  ..\HexCode\Error.obj (ERROR)
         COMMENT TYPE 0: C51 V9.56.0.0
  C:\PROGRAM FILES\MYPROJEC\KEIL\C51\LIB\C51S.LIB (?C_STARTUP)
         COMMENT TYPE 1: A51 / ASM51 Assembler
  C:\PROGRAM FILES\MYPROJEC\KEIL\C51\LIB\C51S.LIB (?C?CLDPTR)
         COMMENT TYPE 1: A51 / ASM51 Assembler
  C:\PROGRAM FILES\MYPROJEC\KEIL\C51\LIB\C51S.LIB (?C?CLDOPTR)
         COMMENT TYPE 1: A51 / ASM51 Assembler
  C:\PROGRAM FILES\MYPROJEC\KEIL\C51\LIB\C51S.LIB (?C?CSTOPTR)
         COMMENT TYPE 1: A51 / ASM51 Assembler
  C:\PROGRAM FILES\MYPROJEC\KEIL\C51\LIB\C51S.LIB (?C?ULCMP)
         COMMENT TYPE 1: A51 / ASM51 Assembler
  C:\PROGRAM FILES\MYPROJEC\KEIL\C51\LIB\C51S.LIB (?C?LSHL)
         COMMENT TYPE 1: A51 / ASM51 Assembler
LX51 LINKER/LOCATER V4.66.66.0                                                        01/06/2018  20:09:02  PAGE 2


  C:\PROGRAM FILES\MYPROJEC\KEIL\C51\LIB\C51S.LIB (?C?LSTXDATA)
         COMMENT TYPE 1: A51 / ASM51 Assembler
  C:\PROGRAM FILES\MYPROJEC\KEIL\C51\LIB\C51S.LIB (?C?ICALL)
         COMMENT TYPE 1: A51 / ASM51 Assembler


ACTIVE MEMORY CLASSES OF MODULE:  ..\HexCode\Solar1 (MAIN)

BASE        START       END         USED      MEMORY CLASS
==========================================================
C:000000H   C:000000H   C:00FFFFH   000D8CH   CODE
X:000000H   X:000000H   X:00FFFFH   000314H   XDATA
I:000020H.0 I:000020H.0 I:00002FH.7 000001H.4 BIT
I:000000H   I:000000H   I:0000FFH   00001BH   IDATA
I:000000H   I:000000H   I:00007FH   00002EH   DATA


MEMORY MAP OF MODULE:  ..\HexCode\Solar1 (MAIN)


START     STOP      LENGTH    ALIGN  RELOC    MEMORY CLASS   SEGMENT NAME
=========================================================================

* * * * * * * * * * *   D A T A   M E M O R Y   * * * * * * * * * * * * *
000000H   000007H   000008H   ---    AT..     DATA           "REG BANK 0"
000008H   000017H   000010H   BYTE   UNIT     DATA           ?DT?HSCH51
000018H   00001EH   000007H   BYTE   UNIT     DATA           ?DT?_FLASHROM_READ_32BYTES?FLASHROM
00001FH.0 00001FH.7 000001H.0 ---    ---      **GAP**
000020H.0 000021H.0 000001H.1 BIT    UNIT     BIT            ?BI?MAIN
000021H.1 000021H.1 000000H.1 BIT    UNIT     BIT            ?BI?SERIALS1
000021H.2 000021H.2 000000H.1 BIT    UNIT     BIT            ?BI?SERIALS2
000021H.3 000021H.3 000000H.1 BIT    UNIT     BIT            _BIT_GROUP_
000021H.4 000021H   000000H.4 ---    ---      **GAP**
000022H   00002BH   00000AH   BYTE   UNIT     DATA           _DATA_GROUP_
00002CH   000030H   000005H   BYTE   UNIT     DATA           ?DT?_CRC16?COMMCMDALL
000031H   00003BH   00000BH   BYTE   UNIT     IDATA          ?ID?SERIALS1
00003CH   000046H   00000BH   BYTE   UNIT     IDATA          ?ID?SERIALS2
000047H   00004AH   000004H   BYTE   UNIT     IDATA          ?ID?MAIN
00004BH   00004BH   000001H   BYTE   UNIT     IDATA          ?STACK

* * * * * * * * * * *   C O D E   M E M O R Y   * * * * * * * * * * * * *
000000H   000002H   000003H   ---    OFFS..   CODE           ?CO??C_STARTUP?0
000003H   00000AH   000008H   BYTE   UNIT     CODE           ?PR?MEMORY_INIT?MEMORY
00000BH   00000DH   000003H   BYTE   OFFS..   CODE           ?0_02_11H?0000B
00000EH   000120H   000113H   BYTE   UNIT     CODE           ?PR?SERIALS2_UPDATE?SERIALS2
000121H   00022DH   00010DH   BYTE   UNIT     CODE           ?PR?SERIALS1_UPDATE?SERIALS1
00022EH   000321H   0000F4H   BYTE   UNIT     CODE           ?PR?HSCH_UPDATE?0_02_11H
000322H   0003FCH   0000DBH   BYTE   UNIT     CODE           ?PR?_RGBLED_DATADEALWITHANDSEND?LED
0003FDH   0004D6H   0000DAH   BYTE   UNIT     CODE           ?PR?SERIALS2_SEND?SERIALS2
0004D7H   0005AFH   0000D9H   BYTE   UNIT     CODE           ?PR?SERIALS1_SEND?SERIALS1
0005B0H   00064DH   00009EH   BYTE   UNIT     CODE           ?C?LIB_CODE
00064EH   0006CDH   000080H   BYTE   UNIT     CODE           ?PR?COMMCMDS1_UPDATE?COMMCMDS1
0006CEH   00074DH   000080H   BYTE   UNIT     CODE           ?PR?COMMCMDS2_UPDATE?COMMCMDS2
00074EH   0007BCH   00006FH   BYTE   UNIT     CODE           ?PR?_CRC16?COMMCMDALL
0007BDH   000825H   000069H   BYTE   UNIT     CODE           ?PR?_HSCH_ADD_TASK?HSCH51
000826H   000889H   000064H   BYTE   UNIT     CODE           ?PR?HSCH_DISPATCH_TASKS?HSCH51
00088AH   0008EDH   000064H   BYTE   UNIT     CODE           ?PR?_FLASHROM_WRITE_32BYTES?FLASHROM
0008EEH   000946H   000059H   BYTE   UNIT     CODE           ?PR?FLASHROM_INIT?FLASHROM
000947H   000993H   00004DH   BYTE   UNIT     CODE           ?PR?DISPATCH_UPDATE?MAIN
000994H   0009DEH   00004BH   BYTE   UNIT     CODE           ?PR?FLASHROM_SAVEINFO?FLASHROM
0009DFH   000A23H   000045H   BYTE   UNIT     CODE           ?PR?_FLASHSAVE_SECTOR?FLASHROM
000A24H   000A67H   000044H   BYTE   UNIT     CODE           ?PR?_FLASHROM_READ_32BYTES?FLASHROM
000A68H   000AA8H   000041H   BYTE   UNIT     CODE           ?PR?LED_UPDATE?LED
000AA9H   000AE1H   000039H   BYTE   UNIT     CODE           ?PR?BEEP_UPDATE?BEEP
000AE2H   000B15H   000034H   BYTE   UNIT     CODE           ?PR?_RGBLED_DATSEND?LED
LX51 LINKER/LOCATER V4.66.66.0                                                        01/06/2018  20:09:02  PAGE 3


000B16H   000B43H   00002EH   BYTE   UNIT     CODE           ?PR?MAIN?MAIN
000B44H   000B6AH   000027H   BYTE   UNIT     CODE           ?PR?FLASHROM_FORMAT?FLASHROM
000B6BH   000B8AH   000020H   BYTE   UNIT     CODE           ?PR?DISPATCH_INIT?MAIN
000B8BH   000BA6H   00001CH   BYTE   UNIT     CODE           ?PR?COMMCMDS1_INIT?COMMCMDS1
000BA7H   000BC2H   00001CH   BYTE   UNIT     CODE           ?PR?COMMCMDS2_INIT?COMMCMDS2
000BC3H   000BDDH   00001BH   BYTE   UNIT     CODE           ?PR?_RGBLED_SHOW?LED
000BDEH   000BF6H   000019H   BYTE   UNIT     CODE           ?PR?S1_GETSENDCOUNT?SERIALS1
000BF7H   000C0FH   000019H   BYTE   UNIT     CODE           ?PR?S1_GETRECVCOUNT?SERIALS1
000C10H   000C28H   000019H   BYTE   UNIT     CODE           ?PR?S2_GETSENDCOUNT?SERIALS2
000C29H   000C41H   000019H   BYTE   UNIT     CODE           ?PR?S2_GETRECVCOUNT?SERIALS2
000C42H   000C5AH   000019H   BYTE   UNIT     CODE           ?PR?_FLASHROM_READ_1BYTE?FLASHROM
000C5BH   000C72H   000018H   BYTE   UNIT     CODE           ?PR?_FLASHROM_ERASE?FLASHROM
000C73H   000C87H   000015H   BYTE   UNIT     CODE           ?PR?_BEEP_SET?BEEP
000C88H   000C9BH   000014H   BYTE   UNIT     CODE           ?PR?OUTPUT_INIT?OUTPUT
000C9CH   000CAFH   000014H   BYTE   UNIT     CODE           ?PR?_LED_SET?LED
000CB0H   000CC1H   000012H   BYTE   UNIT     CODE           ?PR?IAP_IAP_ENABLE?FLASHROM
000CC2H   000CD2H   000011H   BYTE   UNIT     CODE           ?PR?HSCH_INIT_T0?0_02_11H
000CD3H   000CE3H   000011H   BYTE   UNIT     CODE           ?PR?SERIALS1_INIT?SERIALS1
000CE4H   000CF3H   000010H   BYTE   UNIT     CODE           ?PR?SERIALS2_INIT?SERIALS2
000CF4H   000D03H   000010H   BYTE   UNIT     CODE           ?PR?DELAY200US?LED
000D04H   000D0FH   00000CH   BYTE   UNIT     CODE           ?PR?COMMCMDALL_INIT?COMMCMDALL
000D10H   000D1BH   00000CH   BYTE   UNIT     CODE           ?PR?RGBLED_SEND32ZERO?LED
000D1CH   000D27H   00000CH   BYTE   UNIT     CODE           ?C_C51STARTUP
000D28H   000D32H   00000BH   BYTE   UNIT     CODE           ?PR?BEEP_INIT?BEEP
000D33H   000D3DH   00000BH   BYTE   UNIT     CODE           ?PR?LED_INIT?LED
000D3EH   000D48H   00000BH   BYTE   UNIT     CODE           ?PR?_RGBLED_TAKEANTICODE?LED
000D49H   000D51H   000009H   BYTE   UNIT     CODE           ?PR?IAP_IAP_DISABLE?FLASHROM
000D52H   000D5AH   000009H   BYTE   UNIT     CODE           ?PR?MEMORY_UPDATE?MEMORY
000D5BH   000D60H   000006H   BYTE   UNIT     CODE           ?PR?SERIALALL_UPDATE?COMMCMDALL
000D61H   000D66H   000006H   BYTE   UNIT     CODE           ?PR?COMMCMDALL_UPDATE?COMMCMDALL
000D67H   000D6CH   000006H   BYTE   UNIT     CODE           ?PR?OUTPUT_UPDATE?OUTPUT
000D6DH   000D70H   000004H   BYTE   UNIT     CODE           ?PR?HSCH_GO_TO_SLEEP?HSCH51
000D71H   000D73H   000003H   BYTE   UNIT     CODE           ?PR?COMM_UPDATE?MAIN
000D74H   000D76H   000003H   BYTE   UNIT     CODE           ?PR?HSCH_START?0_02_11H
000D77H   000D79H   000003H   BYTE   UNIT     CODE           ?PR?BEEP_ON?BEEP
000D7AH   000D7CH   000003H   BYTE   UNIT     CODE           ?PR?BEEP_OFF?BEEP
000D7DH   000D7FH   000003H   BYTE   UNIT     CODE           ?PR?LED_ON?LED
000D80H   000D82H   000003H   BYTE   UNIT     CODE           ?PR?LED_OFF?LED
000D83H   000D85H   000003H   BYTE   UNIT     CODE           ?PR?_FLASHROM_READ?FLASHROM
000D86H   000D86H   000001H   BYTE   UNIT     CODE           ?PR?INPUT_INIT?INPUT
000D87H   000D87H   000001H   BYTE   UNIT     CODE           ?PR?INPUT_UPDATE?INPUT
000D88H   000D88H   000001H   BYTE   UNIT     CODE           ?PR?DECISION_INIT?DECISION
000D89H   000D89H   000001H   BYTE   UNIT     CODE           ?PR?DECISION_UPDATE?DECISION
000D8AH   000D8AH   000001H   BYTE   UNIT     CODE           ?PR?ERROR_INIT?ERROR
000D8BH   000D8BH   000001H   BYTE   UNIT     CODE           ?PR?ERROR_UPDATE?ERROR

* * * * * * * * * * *  X D A T A   M E M O R Y  * * * * * * * * * * * * *
000000H   00012BH   00012CH   BYTE   UNIT     XDATA          ?XD?MAIN
00012CH   00021BH   0000F0H   BYTE   UNIT     XDATA          ?XD?SERIALS1
00021CH   00030BH   0000F0H   BYTE   UNIT     XDATA          ?XD?SERIALS2
00030CH   00030FH   000004H   BYTE   UNIT     XDATA          ?XD?BEEP
000310H   000313H   000004H   BYTE   UNIT     XDATA          ?XD?LED



OVERLAY MAP OF MODULE:   ..\HexCode\Solar1 (MAIN)


FUNCTION/MODULE                        BIT_GROUP   DATA_GROUP 
--> CALLED FUNCTION/MODULE            START  STOP  START  STOP
==============================================================
HSCH_UPDATE/0_02_11H                  ----- -----  0022H 0022H

*** NEW ROOT ************************

LX51 LINKER/LOCATER V4.66.66.0                                                        01/06/2018  20:09:02  PAGE 4


?C_C51STARTUP                         ----- -----  ----- -----
  +--> MAIN/MAIN

MAIN/MAIN                             ----- -----  ----- -----
  +--> DISPATCH_INIT/MAIN
  +--> HSCH_INIT_T0/0_02_11H
  +--> _HSCH_ADD_TASK/HSCH51
  +--> HSCH_START/0_02_11H
  +--> HSCH_DISPATCH_TASKS/HSCH51

DISPATCH_INIT/MAIN                    ----- -----  ----- -----
  +--> MEMORY_INIT/MEMORY
  +--> OUTPUT_INIT/OUTPUT
  +--> INPUT_INIT/INPUT
  +--> COMMCMDALL_INIT/COMMCMDALL
  +--> DECISION_INIT/DECISION
  +--> ERROR_INIT/ERROR

MEMORY_INIT/MEMORY                    ----- -----  ----- -----
  +--> FLASHROM_INIT/FLASHROM

FLASHROM_INIT/FLASHROM                ----- -----  ----- -----
  +--> _FLASHROM_READ/FLASHROM
  +--> FLASHROM_FORMAT/FLASHROM

_FLASHROM_READ/FLASHROM               ----- -----  ----- -----

FLASHROM_FORMAT/FLASHROM              ----- -----  ----- -----
  +--> _FLASHSAVE_SECTOR/FLASHROM

_FLASHSAVE_SECTOR/FLASHROM            ----- -----  ----- -----
  +--> _FLASHROM_WRITE_32BYTES/FLASHROM

_FLASHROM_WRITE_32BYTES/FLASHROM      ----- -----  0024H 0028H
  +--> _FLASHROM_ERASE/FLASHROM
  +--> IAP_IAP_ENABLE/FLASHROM
  +--> IAP_IAP_DISABLE/FLASHROM

_FLASHROM_ERASE/FLASHROM              ----- -----  ----- -----
  +--> IAP_IAP_ENABLE/FLASHROM
  +--> IAP_IAP_DISABLE/FLASHROM

IAP_IAP_ENABLE/FLASHROM               ----- -----  ----- -----

IAP_IAP_DISABLE/FLASHROM              ----- -----  ----- -----

OUTPUT_INIT/OUTPUT                    ----- -----  ----- -----
  +--> BEEP_INIT/BEEP
  +--> LED_INIT/LED
  +--> _BEEP_SET/BEEP
  +--> _LED_SET/LED

BEEP_INIT/BEEP                        ----- -----  ----- -----

LED_INIT/LED                          ----- -----  ----- -----

_BEEP_SET/BEEP                        ----- -----  ----- -----

_LED_SET/LED                          ----- -----  ----- -----

INPUT_INIT/INPUT                      ----- -----  ----- -----

COMMCMDALL_INIT/COMMCMDALL            ----- -----  ----- -----
  +--> SERIALS1_INIT/SERIALS1
  +--> SERIALS2_INIT/SERIALS2
LX51 LINKER/LOCATER V4.66.66.0                                                        01/06/2018  20:09:02  PAGE 5


  +--> COMMCMDS1_INIT/COMMCMDS1
  +--> COMMCMDS2_INIT/COMMCMDS2

SERIALS1_INIT/SERIALS1                ----- -----  ----- -----

SERIALS2_INIT/SERIALS2                ----- -----  ----- -----

COMMCMDS1_INIT/COMMCMDS1              ----- -----  ----- -----

COMMCMDS2_INIT/COMMCMDS2              ----- -----  ----- -----

DECISION_INIT/DECISION                ----- -----  ----- -----

ERROR_INIT/ERROR                      ----- -----  ----- -----

HSCH_INIT_T0/0_02_11H                 ----- -----  ----- -----

_HSCH_ADD_TASK/HSCH51                 21H.3 21H.3  ----- -----

HSCH_START/0_02_11H                   ----- -----  ----- -----

HSCH_DISPATCH_TASKS/HSCH51            ----- -----  0023H 0023H
  +--> HSCH_GO_TO_SLEEP/HSCH51
  +--> COMM_UPDATE/MAIN
  +--> DISPATCH_UPDATE/MAIN

HSCH_GO_TO_SLEEP/HSCH51               ----- -----  ----- -----

COMM_UPDATE/MAIN                      ----- -----  ----- -----
  +--> SERIALALL_UPDATE/COMMCMDALL

SERIALALL_UPDATE/COMMCMDALL           ----- -----  ----- -----
  +--> SERIALS1_UPDATE/SERIALS1
  +--> SERIALS2_UPDATE/SERIALS2

SERIALS1_UPDATE/SERIALS1              ----- -----  ----- -----

SERIALS2_UPDATE/SERIALS2              ----- -----  ----- -----

DISPATCH_UPDATE/MAIN                  ----- -----  ----- -----
  +--> INPUT_UPDATE/INPUT
  +--> DECISION_UPDATE/DECISION
  +--> ERROR_UPDATE/ERROR
  +--> MEMORY_UPDATE/MEMORY
  +--> COMMCMDALL_UPDATE/COMMCMDALL
  +--> OUTPUT_UPDATE/OUTPUT
  +--> _BEEP_SET/BEEP

INPUT_UPDATE/INPUT                    ----- -----  ----- -----

DECISION_UPDATE/DECISION              ----- -----  ----- -----

ERROR_UPDATE/ERROR                    ----- -----  ----- -----

MEMORY_UPDATE/MEMORY                  ----- -----  ----- -----
  +--> FLASHROM_SAVEINFO/FLASHROM

FLASHROM_SAVEINFO/FLASHROM            ----- -----  ----- -----
  +--> _FLASHSAVE_SECTOR/FLASHROM

COMMCMDALL_UPDATE/COMMCMDALL          ----- -----  ----- -----
  +--> COMMCMDS1_UPDATE/COMMCMDS1
  +--> COMMCMDS2_UPDATE/COMMCMDS2

COMMCMDS1_UPDATE/COMMCMDS1            ----- -----  ----- -----
LX51 LINKER/LOCATER V4.66.66.0                                                        01/06/2018  20:09:02  PAGE 6


  +--> S1_GETRECVCOUNT/SERIALS1
  +--> SERIALS1_SEND/SERIALS1

S1_GETRECVCOUNT/SERIALS1              ----- -----  ----- -----

SERIALS1_SEND/SERIALS1                ----- -----  ----- -----
  +--> S1_GETSENDCOUNT/SERIALS1

S1_GETSENDCOUNT/SERIALS1              ----- -----  ----- -----

COMMCMDS2_UPDATE/COMMCMDS2            ----- -----  ----- -----
  +--> S2_GETRECVCOUNT/SERIALS2
  +--> SERIALS2_SEND/SERIALS2

S2_GETRECVCOUNT/SERIALS2              ----- -----  ----- -----

SERIALS2_SEND/SERIALS2                ----- -----  ----- -----
  +--> S2_GETSENDCOUNT/SERIALS2

S2_GETSENDCOUNT/SERIALS2              ----- -----  ----- -----

OUTPUT_UPDATE/OUTPUT                  ----- -----  ----- -----
  +--> BEEP_UPDATE/BEEP
  +--> LED_UPDATE/LED

BEEP_UPDATE/BEEP                      ----- -----  ----- -----
  +--> BEEP_ON/BEEP
  +--> BEEP_OFF/BEEP

BEEP_ON/BEEP                          ----- -----  ----- -----

BEEP_OFF/BEEP                         ----- -----  ----- -----

LED_UPDATE/LED                        ----- -----  ----- -----
  +--> _RGBLED_SHOW/LED
  +--> LED_ON/LED
  +--> LED_OFF/LED

_RGBLED_SHOW/LED                      ----- -----  0024H 0026H
  +--> RGBLED_SEND32ZERO/LED
  +--> _RGBLED_DATADEALWITHANDSEND/LED

RGBLED_SEND32ZERO/LED                 ----- -----  ----- -----
  +--> DELAY200US/LED

DELAY200US/LED                        ----- -----  ----- -----

_RGBLED_DATADEALWITHANDSEND/LED       ----- -----  0027H 002AH
  +--> _RGBLED_TAKEANTICODE/LED
  +--> _RGBLED_DATSEND/LED

_RGBLED_TAKEANTICODE/LED              ----- -----  ----- -----

_RGBLED_DATSEND/LED                   ----- -----  002BH 002BH
  +--> DELAY200US/LED

LED_ON/LED                            ----- -----  ----- -----

LED_OFF/LED                           ----- -----  ----- -----



PUBLIC SYMBOLS OF MODULE:  ..\HexCode\Solar1 (MAIN)


LX51 LINKER/LOCATER V4.66.66.0                                                        01/06/2018  20:09:02  PAGE 7


      VALUE       CLASS    TYPE      PUBLIC SYMBOL NAME
      =================================================
      00000021H.3 BIT      BIT       ?_hSCH_Add_Task?BIT
      010005C9H   CODE     ---       ?C?CLDOPTR
      010005B0H   CODE     ---       ?C?CLDPTR
      00000000H   NUMBER   ---       ?C?CODESEG
      010005F6H   CODE     ---       ?C?CSTOPTR
      01000648H   CODE     ---       ?C?ICALL
      0100064CH   CODE     ---       ?C?ICALL2
      01000629H   CODE     ---       ?C?LSHL
      0100063CH   CODE     ---       ?C?LSTXDATA
      01000618H   CODE     ---       ?C?ULCMP
      00000000H   NUMBER   ---       ?C?XDATASEG
      01000B16H   CODE     ---       ?C_START
      01000000H   CODE     ---       ?C_STARTUP
      01000C73H   CODE     ---       _BEEP_Set
      0100074EH   CODE     ---       _crc16
      01000C5BH   CODE     ---       _FlashRom_Erase
      01000D83H   CODE     ---       _FlashRom_Read
      01000C42H   CODE     ---       _FlashRom_Read_1Byte
      01000A24H   CODE     ---       _FlashRom_Read_32Bytes
      0100088AH   CODE     ---       _FlashRom_Write_32Bytes
      010009DFH   CODE     ---       _FlashSave_Sector
      010007BDH   CODE     ---       _hSCH_Add_Task
      01000C9CH   CODE     ---       _LED_Set
      01000322H   CODE     ---       _RGBLED_DataDealWithAndSend
      01000AE2H   CODE     ---       _RGBLED_DatSend
      01000BC3H   CODE     ---       _RGBLED_Show
      01000D3EH   CODE     ---       _RGBLED_TakeAntiCode
      00000020H.7 BIT      BIT       b_PulseStatus
      00000021H.0 BIT      BIT       b_READ_INFO
      00000020H.0 BIT      BIT       b_SAVE_CHARGE
      00000020H.1 BIT      BIT       b_SAVE_INFO
      00000020H.4 BIT      BIT       b_SAVE_RECORD
      00000020H.2 BIT      BIT       b_Soft_Trap1
      00000020H.3 BIT      BIT       b_Soft_Trap2
      00000020H.6 BIT      BIT       b_SYS_RESET
      0200001FH   XDATA    LONG      Backwater_Temp
      0200008DH   XDATA    LONG      Backwater_Valve1
      0200009AH   XDATA    LONG      Backwater_Valve2
      01000D28H   CODE     ---       BEEP_Init
      01000D7AH   CODE     ---       BEEP_off
      01000D77H   CODE     ---       BEEP_on
      01000AA9H   CODE     ---       BEEP_Update
      02000124H   XDATA    LONG      Class
      020000EAH   XDATA    LONG      Comeout_Temp
      02000013H   XDATA    DWORD     Comm_TimeTick
      01000D71H   CODE     ---       Comm_Update
      01000D04H   CODE     ---       CommCmdAll_Init
      01000D61H   CODE     ---       CommCmdAll_Update
      01000B8BH   CODE     ---       CommCmdS1_Init
      0100064EH   CODE     ---       CommCmdS1_Update
      01000BA7H   CODE     ---       CommCmdS2_Init
      010006CEH   CODE     ---       CommCmdS2_Update
      00000049H   IDATA    WORD      CRC
      020000C9H   XDATA    BYTE      Day_G
      01000D88H   CODE     ---       Decision_Init
      01000D89H   CODE     ---       Decision_Update
      01000CFBH   CODE     ---       Delay200us
      02000075H   XDATA    LONG      Device_type1
      02000079H   XDATA    LONG      Device_type2
      02000081H   XDATA    LONG      Device_type3
      02000089H   XDATA    LONG      Device_type4
      02000096H   XDATA    LONG      Device_type5
      01000B6BH   CODE     ---       Dispatch_Init
LX51 LINKER/LOCATER V4.66.66.0                                                        01/06/2018  20:09:02  PAGE 8


      01000947H   CODE     ---       Dispatch_Update
      020000DAH   XDATA    LONG      ELE
      020000B5H   XDATA    LONG      Electric_Meter_id
      0200000CH   XDATA    BYTE      Error_code
      01000D8AH   CODE     ---       Error_Init
      01000D8BH   CODE     ---       Error_Update
      01000B44H   CODE     ---       FlashRom_Format
      010008EEH   CODE     ---       FlashRom_Init
      01000994H   CODE     ---       FlashRom_SaveInfo
      02000128H   XDATA    BYTE      Floors
      020000E6H   XDATA    DWORD     G_time
      02000112H   XDATA    LONG      Gateway_Num
      02000002H   XDATA    WORD      gTimeTick
      020000AFH   XDATA    LONG      Heat_Pump_id
      01000826H   CODE     ---       hSCH_Dispatch_Tasks
      01000D6DH   CODE     ---       hSCH_Go_To_Sleep
      01000CC2H   CODE     ---       hSCH_Init_T0
      01000D74H   CODE     ---       hSCH_Start
      00000008H   DATA     ---       hSCH_tasks_G
      0100022EH   CODE     ---       hSCH_Update
      02000004H   XDATA    LONG      I_a
      02000008H   XDATA    LONG      I_b
      0200000DH   XDATA    LONG      I_c
      02000095H   XDATA    BYTE      I_State
      020000FDH   XDATA    LONG      I_Work_State1
      02000101H   XDATA    LONG      I_Work_State2
      02000106H   XDATA    LONG      I_Work_State3
      01000D49H   CODE     ---       IAP_IAP_disable
      01000CB6H   CODE     ---       IAP_IAP_enable
      01000D86H   CODE     ---       Input_Init
      01000D87H   CODE     ---       Input_Update
      00000048H   IDATA    BYTE      Koncentrator_Delay
      01000D33H   CODE     ---       LED_Init
      01000D80H   CODE     ---       LED_off
      01000D7DH   CODE     ---       LED_on
      01000A68H   CODE     ---       LED_Update
      020000CAH   XDATA    LONG      m_AreaCode
      0200030DH   XDATA    BYTE      m_BeepL
      0200030EH   XDATA    BYTE      m_BeepT
      020000ABH   XDATA    LONG      m_BuildingNum
      00000020H.5 BIT      BIT       m_Change
      020000F2H   XDATA    ---       m_Error
      020000D8H   XDATA    BYTE      m_Input_Count
      02000312H   XDATA    BYTE      m_LedL
      02000310H   XDATA    BYTE      m_LedOff
      02000311H   XDATA    BYTE      m_LedOn
      02000313H   XDATA    BYTE      m_LedT
      0200030FH   XDATA    BYTE      m_Off
      0200030CH   XDATA    BYTE      m_On
      020000B9H   XDATA    ---       m_Param
      0200006FH   XDATA    LONG      m_Project
      0200010AH   XDATA    WORD      m_PulseCount
      02000011H   XDATA    WORD      m_Pulsetime
      02000047H   XDATA    ---       m_ROM_Buff
      020000D9H   XDATA    BYTE      m_State
      02000000H   XDATA    WORD      m_time
      0200011CH   XDATA    LONG      m_UserCode
      020000D7H   XDATA    BYTE      m_Vision
      01000B16H   CODE     ---       main
      01000003H   CODE     ---       Memory_Init
      01000D52H   CODE     ---       Memory_Update
      02000120H   XDATA    BYTE      mLED1
      02000121H   XDATA    BYTE      mLED2
      02000122H   XDATA    BYTE      mLED3
      02000123H   XDATA    BYTE      mLED4
LX51 LINKER/LOCATER V4.66.66.0                                                        01/06/2018  20:09:02  PAGE 9


      020000A6H   XDATA    BYTE      Month_G
      02000038H   XDATA    BYTE      my1
      0200003DH   XDATA    BYTE      my2
      02000042H   XDATA    BYTE      my3
      02000043H   XDATA    BYTE      my4
      02000044H   XDATA    BYTE      my5
      02000110H   XDATA    WORD      n_PulseCount
      02000129H   XDATA    BYTE      Oper_State
      02000116H   XDATA    LONG      Out_Humidity
      020000F8H   XDATA    BYTE      out_mode
      020000B4H   XDATA    BYTE      out_State
      0200009EH   XDATA    LONG      Out_Temperature
      0200007DH   XDATA    LONG      Outlet_Temp1
      02000085H   XDATA    LONG      Outlet_Temp2
      02000091H   XDATA    LONG      Outlet_Temp3
      01000C88H   CODE     ---       Output_Init
      01000D67H   CODE     ---       Output_Update
      02000017H   XDATA    LONG      P_a
      0200001BH   XDATA    LONG      P_b
      02000027H   XDATA    LONG      P_c
      020000DEH   XDATA    LONG      PF_a
      020000E2H   XDATA    LONG      PF_b
      020000EEH   XDATA    LONG      PF_c
      01000D10H   CODE     ---       RGBLED_Send32Zero
      00000021H.1 BIT      BIT       S1_b_SendPrce
      01000BF7H   CODE     ---       S1_GetRecvCount
      01000BDEH   CODE     ---       S1_GetSendCount
      0200012CH   XDATA    ---       S1_Recv_Buff
      0000003AH   IDATA    BYTE      S1_Recv_Idle_Count
      00000031H   IDATA    BYTE      S1_RecvCount
      00000032H   IDATA    BYTE      S1_RecvLen
      00000039H   IDATA    BYTE      S1_RecvPrcePtr
      00000036H   IDATA    BYTE      S1_RecvPtr
      0000003BH   IDATA    BYTE      S1_RecvState
      00000035H   IDATA    BYTE      S1_RecvSum
      00000038H   IDATA    BYTE      S1_SendPrcePtr
      00000034H   IDATA    BYTE      S1_SendPtr
      020001CCH   XDATA    ---       S1_Tran_Buff
      00000033H   IDATA    BYTE      S1_TranLen
      00000037H   IDATA    BYTE      S1_TranPtr
      00000021H.2 BIT      BIT       S2_b_SendPrce
      01000C29H   CODE     ---       S2_GetRecvCount
      01000C10H   CODE     ---       S2_GetSendCount
      0200021CH   XDATA    ---       S2_Recv_Buff
      00000045H   IDATA    BYTE      S2_Recv_Idle_Count
      0000003CH   IDATA    BYTE      S2_RecvCount
      0000003DH   IDATA    BYTE      S2_RecvLen
      00000044H   IDATA    BYTE      S2_RecvPrcePtr
      00000041H   IDATA    BYTE      S2_RecvPtr
      00000046H   IDATA    BYTE      S2_RecvState
      00000040H   IDATA    BYTE      S2_RecvSum
      00000043H   IDATA    BYTE      S2_SendPrcePtr
      0000003FH   IDATA    BYTE      S2_SendPtr
      020002BCH   XDATA    ---       S2_Tran_Buff
      0000003EH   IDATA    BYTE      S2_TranLen
      00000042H   IDATA    BYTE      S2_TranPtr
      02000073H   XDATA    WORD      Send_Interval_Time
      01000D5BH   CODE     ---       SerialAll_Update
      01000CD3H   CODE     ---       SerialS1_Init
      010004D7H   CODE     ---       SerialS1_Send
      01000121H   CODE     ---       SerialS1_Update
      01000CE4H   CODE     ---       SerialS2_Init
      010003FDH   CODE     ---       SerialS2_Send
      0100000EH   CODE     ---       SerialS2_Update
      020000CEH   XDATA    BYTE      Server_Floors_Start
LX51 LINKER/LOCATER V4.66.66.0                                                        01/06/2018  20:09:02  PAGE 10


      020000F7H   XDATA    BYTE      Server_Floors_Stop
      0200010CH   XDATA    DWORD     Set_H_time
      0200011AH   XDATA    WORD      Set_M_time
      0200012AH   XDATA    BYTE      STA_4
      0200012BH   XDATA    BYTE      STB_4
      00000047H   IDATA    BYTE      Step_Koncentrator
      02000046H   XDATA    BYTE      StepGate
      02000045H   XDATA    BYTE      StepGate_flag
      020000CFH   XDATA    LONG      Supply_Pump1
      020000D3H   XDATA    LONG      Supply_Pump2
      02000105H   XDATA    BYTE      SYS_RESET
      020000B3H   XDATA    BYTE      T_State
      02000033H   XDATA    BYTE      time_State
      02000034H   XDATA    LONG      V_a
      02000039H   XDATA    LONG      V_b
      0200003EH   XDATA    LONG      V_c
      02000023H   XDATA    LONG      Water_Level1
      0200002BH   XDATA    LONG      Water_Level2
      0200002FH   XDATA    LONG      Water_Meter_id
      0200006BH   XDATA    LONG      Water_Supply_id
      02000067H   XDATA    LONG      Water_Tank_id
      020000A2H   XDATA    LONG      Water_Temp1
      020000A7H   XDATA    LONG      Water_Temp2
      020000F9H   XDATA    LONG      Water_Volume



SYMBOL TABLE OF MODULE:  ..\HexCode\Solar1 (MAIN)

      VALUE       REP       CLASS    TYPE      SYMBOL NAME
      ====================================================
      ---         MODULE    ---      ---       MAIN
      0200012BH   PUBLIC    XDATA    BYTE      STB_4
      0200012AH   PUBLIC    XDATA    BYTE      STA_4
      02000129H   PUBLIC    XDATA    BYTE      Oper_State
      02000128H   PUBLIC    XDATA    BYTE      Floors
      02000124H   PUBLIC    XDATA    LONG      Class
      02000123H   PUBLIC    XDATA    BYTE      mLED4
      02000122H   PUBLIC    XDATA    BYTE      mLED3
      02000121H   PUBLIC    XDATA    BYTE      mLED2
      02000120H   PUBLIC    XDATA    BYTE      mLED1
      00000021H.0 PUBLIC    BIT      BIT       b_READ_INFO
      0200011CH   PUBLIC    XDATA    LONG      m_UserCode
      0200011AH   PUBLIC    XDATA    WORD      Set_M_time
      02000116H   PUBLIC    XDATA    LONG      Out_Humidity
      02000112H   PUBLIC    XDATA    LONG      Gateway_Num
      02000110H   PUBLIC    XDATA    WORD      n_PulseCount
      0200010CH   PUBLIC    XDATA    DWORD     Set_H_time
      0200010AH   PUBLIC    XDATA    WORD      m_PulseCount
      02000106H   PUBLIC    XDATA    LONG      I_Work_State3
      02000105H   PUBLIC    XDATA    BYTE      SYS_RESET
      02000101H   PUBLIC    XDATA    LONG      I_Work_State2
      020000FDH   PUBLIC    XDATA    LONG      I_Work_State1
      020000F9H   PUBLIC    XDATA    LONG      Water_Volume
      020000F8H   PUBLIC    XDATA    BYTE      out_mode
      020000F7H   PUBLIC    XDATA    BYTE      Server_Floors_Stop
      020000F2H   PUBLIC    XDATA    ---       m_Error
      020000EEH   PUBLIC    XDATA    LONG      PF_c
      020000EAH   PUBLIC    XDATA    LONG      Comeout_Temp
      020000E6H   PUBLIC    XDATA    DWORD     G_time
      020000E2H   PUBLIC    XDATA    LONG      PF_b
      00000049H   PUBLIC    IDATA    WORD      CRC
      00000020H.7 PUBLIC    BIT      BIT       b_PulseStatus
      020000DEH   PUBLIC    XDATA    LONG      PF_a
      020000DAH   PUBLIC    XDATA    LONG      ELE
LX51 LINKER/LOCATER V4.66.66.0                                                        01/06/2018  20:09:02  PAGE 11


      00000048H   PUBLIC    IDATA    BYTE      Koncentrator_Delay
      020000D9H   PUBLIC    XDATA    BYTE      m_State
      020000D8H   PUBLIC    XDATA    BYTE      m_Input_Count
      020000D7H   PUBLIC    XDATA    BYTE      m_Vision
      020000D3H   PUBLIC    XDATA    LONG      Supply_Pump2
      020000CFH   PUBLIC    XDATA    LONG      Supply_Pump1
      020000CEH   PUBLIC    XDATA    BYTE      Server_Floors_Start
      020000CAH   PUBLIC    XDATA    LONG      m_AreaCode
      020000C9H   PUBLIC    XDATA    BYTE      Day_G
      020000B9H   PUBLIC    XDATA    ---       m_Param
      020000B5H   PUBLIC    XDATA    LONG      Electric_Meter_id
      020000B4H   PUBLIC    XDATA    BYTE      out_State
      020000B3H   PUBLIC    XDATA    BYTE      T_State
      020000AFH   PUBLIC    XDATA    LONG      Heat_Pump_id
      020000ABH   PUBLIC    XDATA    LONG      m_BuildingNum
      020000A7H   PUBLIC    XDATA    LONG      Water_Temp2
      020000A6H   PUBLIC    XDATA    BYTE      Month_G
      020000A2H   PUBLIC    XDATA    LONG      Water_Temp1
      0200009EH   PUBLIC    XDATA    LONG      Out_Temperature
      0200009AH   PUBLIC    XDATA    LONG      Backwater_Valve2
      02000096H   PUBLIC    XDATA    LONG      Device_type5
      02000095H   PUBLIC    XDATA    BYTE      I_State
      02000091H   PUBLIC    XDATA    LONG      Outlet_Temp3
      0200008DH   PUBLIC    XDATA    LONG      Backwater_Valve1
      02000089H   PUBLIC    XDATA    LONG      Device_type4
      02000085H   PUBLIC    XDATA    LONG      Outlet_Temp2
      02000081H   PUBLIC    XDATA    LONG      Device_type3
      0200007DH   PUBLIC    XDATA    LONG      Outlet_Temp1
      02000079H   PUBLIC    XDATA    LONG      Device_type2
      02000075H   PUBLIC    XDATA    LONG      Device_type1
      02000073H   PUBLIC    XDATA    WORD      Send_Interval_Time
      0200006FH   PUBLIC    XDATA    LONG      m_Project
      00000020H.6 PUBLIC    BIT      BIT       b_SYS_RESET
      0200006BH   PUBLIC    XDATA    LONG      Water_Supply_id
      02000067H   PUBLIC    XDATA    LONG      Water_Tank_id
      02000047H   PUBLIC    XDATA    ---       m_ROM_Buff
      02000046H   PUBLIC    XDATA    BYTE      StepGate
      02000045H   PUBLIC    XDATA    BYTE      StepGate_flag
      02000044H   PUBLIC    XDATA    BYTE      my5
      02000043H   PUBLIC    XDATA    BYTE      my4
      02000042H   PUBLIC    XDATA    BYTE      my3
      0200003EH   PUBLIC    XDATA    LONG      V_c
      0200003DH   PUBLIC    XDATA    BYTE      my2
      02000039H   PUBLIC    XDATA    LONG      V_b
      02000038H   PUBLIC    XDATA    BYTE      my1
      00000020H.5 PUBLIC    BIT      BIT       m_Change
      02000034H   PUBLIC    XDATA    LONG      V_a
      02000033H   PUBLIC    XDATA    BYTE      time_State
      00000020H.4 PUBLIC    BIT      BIT       b_SAVE_RECORD
      0200002FH   PUBLIC    XDATA    LONG      Water_Meter_id
      0200002BH   PUBLIC    XDATA    LONG      Water_Level2
      02000027H   PUBLIC    XDATA    LONG      P_c
      02000023H   PUBLIC    XDATA    LONG      Water_Level1
      0200001FH   PUBLIC    XDATA    LONG      Backwater_Temp
      0200001BH   PUBLIC    XDATA    LONG      P_b
      02000017H   PUBLIC    XDATA    LONG      P_a
      02000013H   PUBLIC    XDATA    DWORD     Comm_TimeTick
      00000020H.3 PUBLIC    BIT      BIT       b_Soft_Trap2
      00000020H.2 PUBLIC    BIT      BIT       b_Soft_Trap1
      02000011H   PUBLIC    XDATA    WORD      m_Pulsetime
      0200000DH   PUBLIC    XDATA    LONG      I_c
      0200000CH   PUBLIC    XDATA    BYTE      Error_code
      02000008H   PUBLIC    XDATA    LONG      I_b
      02000004H   PUBLIC    XDATA    LONG      I_a
      02000002H   PUBLIC    XDATA    WORD      gTimeTick
LX51 LINKER/LOCATER V4.66.66.0                                                        01/06/2018  20:09:02  PAGE 12


      00000047H   PUBLIC    IDATA    BYTE      Step_Koncentrator
      00000020H.1 PUBLIC    BIT      BIT       b_SAVE_INFO
      00000020H.0 PUBLIC    BIT      BIT       b_SAVE_CHARGE
      02000000H   PUBLIC    XDATA    WORD      m_time
      01000B6BH   PUBLIC    CODE     ---       Dispatch_Init
      01000947H   PUBLIC    CODE     ---       Dispatch_Update
      01000D71H   PUBLIC    CODE     ---       Comm_Update
      01000B16H   PUBLIC    CODE     ---       main

      01000B16H   BLOCK     CODE     ---       LVL=0
      ---         BLOCKEND  ---      ---       LVL=0

      01000D71H   BLOCK     CODE     ---       LVL=0
      ---         BLOCKEND  ---      ---       LVL=0

      01000947H   BLOCK     CODE     ---       LVL=0
      ---         BLOCKEND  ---      ---       LVL=0

      01000B6BH   BLOCK     CODE     ---       LVL=0
      ---         BLOCKEND  ---      ---       LVL=0

      ---         MODULE    ---      ---       0_02_11H
      0100022EH   PUBLIC    CODE     ---       hSCH_Update
      01000D74H   PUBLIC    CODE     ---       hSCH_Start
      01000CC2H   PUBLIC    CODE     ---       hSCH_Init_T0

      01000CC2H   BLOCK     CODE     ---       LVL=0
      ---         BLOCKEND  ---      ---       LVL=0

      01000D74H   BLOCK     CODE     ---       LVL=0
      ---         BLOCKEND  ---      ---       LVL=0

      0100022EH   BLOCK     CODE     ---       LVL=0
      0100024BH   BLOCK     CODE     NEAR LAB  LVL=1
      00000022H   SYMBOL    DATA     VOID      Index
      ---         BLOCKEND  ---      ---       LVL=1
      ---         BLOCKEND  ---      ---       LVL=0

      ---         MODULE    ---      ---       HSCH51
      00000008H   PUBLIC    DATA     ---       hSCH_tasks_G
      01000D6DH   PUBLIC    CODE     ---       hSCH_Go_To_Sleep
      00000021H.3 PUBLIC    BIT      BIT       ?_hSCH_Add_Task?BIT
      010007BDH   PUBLIC    CODE     ---       _hSCH_Add_Task
      01000826H   PUBLIC    CODE     ---       hSCH_Dispatch_Tasks

      01000826H   BLOCK     CODE     ---       LVL=0
      01000826H   BLOCK     CODE     NEAR LAB  LVL=1
      00000023H   SYMBOL    DATA     VOID      Index
      ---         BLOCKEND  ---      ---       LVL=1
      ---         BLOCKEND  ---      ---       LVL=0

      010007BDH   BLOCK     CODE     ---       LVL=0
      010007BDH   BLOCK     CODE     NEAR LAB  LVL=1
      00000004H   SYMBOL    DATA     VOID      Index
      ---         BLOCKEND  ---      ---       LVL=1
      ---         BLOCKEND  ---      ---       LVL=0

      01000D6DH   BLOCK     CODE     ---       LVL=0
      ---         BLOCKEND  ---      ---       LVL=0

      ---         MODULE    ---      ---       SERIALS1
      0000003BH   PUBLIC    IDATA    BYTE      S1_RecvState
      020001CCH   PUBLIC    XDATA    ---       S1_Tran_Buff
      0200012CH   PUBLIC    XDATA    ---       S1_Recv_Buff
      0000003AH   PUBLIC    IDATA    BYTE      S1_Recv_Idle_Count
LX51 LINKER/LOCATER V4.66.66.0                                                        01/06/2018  20:09:02  PAGE 13


      00000021H.1 PUBLIC    BIT      BIT       S1_b_SendPrce
      00000039H   PUBLIC    IDATA    BYTE      S1_RecvPrcePtr
      00000038H   PUBLIC    IDATA    BYTE      S1_SendPrcePtr
      00000037H   PUBLIC    IDATA    BYTE      S1_TranPtr
      00000036H   PUBLIC    IDATA    BYTE      S1_RecvPtr
      00000035H   PUBLIC    IDATA    BYTE      S1_RecvSum
      00000034H   PUBLIC    IDATA    BYTE      S1_SendPtr
      00000033H   PUBLIC    IDATA    BYTE      S1_TranLen
      00000032H   PUBLIC    IDATA    BYTE      S1_RecvLen
      00000031H   PUBLIC    IDATA    BYTE      S1_RecvCount
      01000BF7H   PUBLIC    CODE     ---       S1_GetRecvCount
      01000BDEH   PUBLIC    CODE     ---       S1_GetSendCount
      010004D7H   PUBLIC    CODE     ---       SerialS1_Send
      01000121H   PUBLIC    CODE     ---       SerialS1_Update
      01000CD3H   PUBLIC    CODE     ---       SerialS1_Init

      01000CD3H   BLOCK     CODE     ---       LVL=0
      ---         BLOCKEND  ---      ---       LVL=0

      01000121H   BLOCK     CODE     ---       LVL=0
      ---         BLOCKEND  ---      ---       LVL=0

      010004D7H   BLOCK     CODE     ---       LVL=0
      010004D7H   BLOCK     CODE     NEAR LAB  LVL=1
      00000007H   SYMBOL    DATA     VOID      i
      00000006H   SYMBOL    DATA     VOID      len
      ---         BLOCKEND  ---      ---       LVL=1
      ---         BLOCKEND  ---      ---       LVL=0

      01000BDEH   BLOCK     CODE     ---       LVL=0
      ---         BLOCKEND  ---      ---       LVL=0

      01000BF7H   BLOCK     CODE     ---       LVL=0
      ---         BLOCKEND  ---      ---       LVL=0

      ---         MODULE    ---      ---       SERIALS2
      00000046H   PUBLIC    IDATA    BYTE      S2_RecvState
      020002BCH   PUBLIC    XDATA    ---       S2_Tran_Buff
      0200021CH   PUBLIC    XDATA    ---       S2_Recv_Buff
      00000045H   PUBLIC    IDATA    BYTE      S2_Recv_Idle_Count
      00000021H.2 PUBLIC    BIT      BIT       S2_b_SendPrce
      00000044H   PUBLIC    IDATA    BYTE      S2_RecvPrcePtr
      00000043H   PUBLIC    IDATA    BYTE      S2_SendPrcePtr
      00000042H   PUBLIC    IDATA    BYTE      S2_TranPtr
      00000041H   PUBLIC    IDATA    BYTE      S2_RecvPtr
      00000040H   PUBLIC    IDATA    BYTE      S2_RecvSum
      0000003FH   PUBLIC    IDATA    BYTE      S2_SendPtr
      0000003EH   PUBLIC    IDATA    BYTE      S2_TranLen
      0000003DH   PUBLIC    IDATA    BYTE      S2_RecvLen
      0000003CH   PUBLIC    IDATA    BYTE      S2_RecvCount
      01000C29H   PUBLIC    CODE     ---       S2_GetRecvCount
      01000C10H   PUBLIC    CODE     ---       S2_GetSendCount
      010003FDH   PUBLIC    CODE     ---       SerialS2_Send
      0100000EH   PUBLIC    CODE     ---       SerialS2_Update
      01000CE4H   PUBLIC    CODE     ---       SerialS2_Init

      01000CE4H   BLOCK     CODE     ---       LVL=0
      ---         BLOCKEND  ---      ---       LVL=0

      0100000EH   BLOCK     CODE     ---       LVL=0
      ---         BLOCKEND  ---      ---       LVL=0

      010003FDH   BLOCK     CODE     ---       LVL=0
      010003FDH   BLOCK     CODE     NEAR LAB  LVL=1
      00000007H   SYMBOL    DATA     VOID      i
LX51 LINKER/LOCATER V4.66.66.0                                                        01/06/2018  20:09:02  PAGE 14


      00000006H   SYMBOL    DATA     VOID      len
      ---         BLOCKEND  ---      ---       LVL=1
      ---         BLOCKEND  ---      ---       LVL=0

      01000C10H   BLOCK     CODE     ---       LVL=0
      ---         BLOCKEND  ---      ---       LVL=0

      01000C29H   BLOCK     CODE     ---       LVL=0
      ---         BLOCKEND  ---      ---       LVL=0

      ---         MODULE    ---      ---       SERIALS3

      ---         MODULE    ---      ---       SERIALS4

      ---         MODULE    ---      ---       COMMCMDALL
      0100074EH   PUBLIC    CODE     ---       _crc16
      01000D61H   PUBLIC    CODE     ---       CommCmdAll_Update
      01000D5BH   PUBLIC    CODE     ---       SerialAll_Update
      01000D04H   PUBLIC    CODE     ---       CommCmdAll_Init

      01000D04H   BLOCK     CODE     ---       LVL=0
      ---         BLOCKEND  ---      ---       LVL=0

      01000D5BH   BLOCK     CODE     ---       LVL=0
      ---         BLOCKEND  ---      ---       LVL=0

      01000D61H   BLOCK     CODE     ---       LVL=0
      ---         BLOCKEND  ---      ---       LVL=0

      0100074EH   BLOCK     CODE     ---       LVL=0
      01000754H   BLOCK     CODE     NEAR LAB  LVL=1
      0000002FH   SYMBOL    DATA     VOID      i
      00000030H   SYMBOL    DATA     VOID      j
      ---         BLOCKEND  ---      ---       LVL=1
      ---         BLOCKEND  ---      ---       LVL=0

      ---         MODULE    ---      ---       COMMCMDS1
      0100064EH   PUBLIC    CODE     ---       CommCmdS1_Update
      01000B8BH   PUBLIC    CODE     ---       CommCmdS1_Init

      01000B8BH   BLOCK     CODE     ---       LVL=0
      ---         BLOCKEND  ---      ---       LVL=0

      0100064EH   BLOCK     CODE     ---       LVL=0
      0100064EH   BLOCK     CODE     NEAR LAB  LVL=1
      00000007H   SYMBOL    DATA     VOID      j
      00000007H   SYMBOL    DATA     VOID      k
      ---         BLOCKEND  ---      ---       LVL=1
      ---         BLOCKEND  ---      ---       LVL=0

      ---         MODULE    ---      ---       COMMCMDS2
      010006CEH   PUBLIC    CODE     ---       CommCmdS2_Update
      01000BA7H   PUBLIC    CODE     ---       CommCmdS2_Init

      01000BA7H   BLOCK     CODE     ---       LVL=0
      ---         BLOCKEND  ---      ---       LVL=0

      010006CEH   BLOCK     CODE     ---       LVL=0
      010006CEH   BLOCK     CODE     NEAR LAB  LVL=1
      00000007H   SYMBOL    DATA     VOID      j
      00000007H   SYMBOL    DATA     VOID      k
      ---         BLOCKEND  ---      ---       LVL=1
      ---         BLOCKEND  ---      ---       LVL=0

      ---         MODULE    ---      ---       COMMCMDS3
LX51 LINKER/LOCATER V4.66.66.0                                                        01/06/2018  20:09:02  PAGE 15



      ---         MODULE    ---      ---       COMMCMDS4

      ---         MODULE    ---      ---       INPUT
      01000D87H   PUBLIC    CODE     ---       Input_Update
      01000D86H   PUBLIC    CODE     ---       Input_Init

      01000D86H   BLOCK     CODE     ---       LVL=0
      ---         BLOCKEND  ---      ---       LVL=0

      01000D87H   BLOCK     CODE     ---       LVL=0
      ---         BLOCKEND  ---      ---       LVL=0

      ---         MODULE    ---      ---       OUTPUT
      01000D67H   PUBLIC    CODE     ---       Output_Update
      01000C88H   PUBLIC    CODE     ---       Output_Init

      01000C88H   BLOCK     CODE     ---       LVL=0
      ---         BLOCKEND  ---      ---       LVL=0

      01000D67H   BLOCK     CODE     ---       LVL=0
      ---         BLOCKEND  ---      ---       LVL=0

      ---         MODULE    ---      ---       BEEP
      0200030FH   PUBLIC    XDATA    BYTE      m_Off
      0200030EH   PUBLIC    XDATA    BYTE      m_BeepT
      0200030DH   PUBLIC    XDATA    BYTE      m_BeepL
      0200030CH   PUBLIC    XDATA    BYTE      m_On
      01000D7AH   PUBLIC    CODE     ---       BEEP_off
      01000D77H   PUBLIC    CODE     ---       BEEP_on
      01000AA9H   PUBLIC    CODE     ---       BEEP_Update
      01000C73H   PUBLIC    CODE     ---       _BEEP_Set
      01000D28H   PUBLIC    CODE     ---       BEEP_Init

      01000D28H   BLOCK     CODE     ---       LVL=0
      ---         BLOCKEND  ---      ---       LVL=0

      01000C73H   BLOCK     CODE     ---       LVL=0
      ---         BLOCKEND  ---      ---       LVL=0

      01000AA9H   BLOCK     CODE     ---       LVL=0
      ---         BLOCKEND  ---      ---       LVL=0

      01000D77H   BLOCK     CODE     ---       LVL=0
      ---         BLOCKEND  ---      ---       LVL=0

      01000D7AH   BLOCK     CODE     ---       LVL=0
      ---         BLOCKEND  ---      ---       LVL=0

      ---         MODULE    ---      ---       LED
      02000313H   PUBLIC    XDATA    BYTE      m_LedT
      02000312H   PUBLIC    XDATA    BYTE      m_LedL
      02000311H   PUBLIC    XDATA    BYTE      m_LedOn
      02000310H   PUBLIC    XDATA    BYTE      m_LedOff
      01000BC3H   PUBLIC    CODE     ---       _RGBLED_Show
      01000322H   PUBLIC    CODE     ---       _RGBLED_DataDealWithAndSend
      01000AE2H   PUBLIC    CODE     ---       _RGBLED_DatSend
      01000D3EH   PUBLIC    CODE     ---       _RGBLED_TakeAntiCode
      01000D10H   PUBLIC    CODE     ---       RGBLED_Send32Zero
      01000D80H   PUBLIC    CODE     ---       LED_off
      01000D7DH   PUBLIC    CODE     ---       LED_on
      01000A68H   PUBLIC    CODE     ---       LED_Update
      01000C9CH   PUBLIC    CODE     ---       _LED_Set
      01000D33H   PUBLIC    CODE     ---       LED_Init
      01000CFBH   PUBLIC    CODE     ---       Delay200us
LX51 LINKER/LOCATER V4.66.66.0                                                        01/06/2018  20:09:02  PAGE 16



      01000CF4H   BLOCK     CODE     ---       LVL=0
      ---         BLOCKEND  ---      ---       LVL=0

      01000CFBH   BLOCK     CODE     ---       LVL=0
      01000CFBH   BLOCK     CODE     NEAR LAB  LVL=1
      00000007H   SYMBOL    DATA     VOID      i
      00000006H   SYMBOL    DATA     VOID      j
      ---         BLOCKEND  ---      ---       LVL=1
      ---         BLOCKEND  ---      ---       LVL=0

      01000D33H   BLOCK     CODE     ---       LVL=0
      ---         BLOCKEND  ---      ---       LVL=0

      01000C9CH   BLOCK     CODE     ---       LVL=0
      ---         BLOCKEND  ---      ---       LVL=0

      01000A68H   BLOCK     CODE     ---       LVL=0
      ---         BLOCKEND  ---      ---       LVL=0

      01000D7DH   BLOCK     CODE     ---       LVL=0
      ---         BLOCKEND  ---      ---       LVL=0

      01000D80H   BLOCK     CODE     ---       LVL=0
      ---         BLOCKEND  ---      ---       LVL=0

      01000D10H   BLOCK     CODE     ---       LVL=0
      01000D10H   BLOCK     CODE     NEAR LAB  LVL=1
      00000005H   SYMBOL    DATA     VOID      i
      ---         BLOCKEND  ---      ---       LVL=1
      ---         BLOCKEND  ---      ---       LVL=0

      01000D3EH   BLOCK     CODE     ---       LVL=0
      01000D3EH   BLOCK     CODE     NEAR LAB  LVL=1
      00000006H   SYMBOL    DATA     VOID      tmp
      ---         BLOCKEND  ---      ---       LVL=1
      ---         BLOCKEND  ---      ---       LVL=0

      01000AE2H   BLOCK     CODE     ---       LVL=0
      01000AE6H   BLOCK     CODE     NEAR LAB  LVL=1
      0000002BH   SYMBOL    DATA     VOID      i
      ---         BLOCKEND  ---      ---       LVL=1
      ---         BLOCKEND  ---      ---       LVL=0

      01000322H   BLOCK     CODE     ---       LVL=0
      01000326H   BLOCK     CODE     NEAR LAB  LVL=1
      00000027H   SYMBOL    DATA     VOID      dx
      ---         BLOCKEND  ---      ---       LVL=1
      ---         BLOCKEND  ---      ---       LVL=0

      01000BC3H   BLOCK     CODE     ---       LVL=0
      ---         BLOCKEND  ---      ---       LVL=0

      ---         MODULE    ---      ---       FLASHROM
      0100088AH   PUBLIC    CODE     ---       _FlashRom_Write_32Bytes
      01000A24H   PUBLIC    CODE     ---       _FlashRom_Read_32Bytes
      01000C42H   PUBLIC    CODE     ---       _FlashRom_Read_1Byte
      01000C5BH   PUBLIC    CODE     ---       _FlashRom_Erase
      01000D49H   PUBLIC    CODE     ---       IAP_IAP_disable
      01000CB6H   PUBLIC    CODE     ---       IAP_IAP_enable
      010009DFH   PUBLIC    CODE     ---       _FlashSave_Sector
      01000994H   PUBLIC    CODE     ---       FlashRom_SaveInfo
      01000B44H   PUBLIC    CODE     ---       FlashRom_Format
      01000D83H   PUBLIC    CODE     ---       _FlashRom_Read
      010008EEH   PUBLIC    CODE     ---       FlashRom_Init
LX51 LINKER/LOCATER V4.66.66.0                                                        01/06/2018  20:09:02  PAGE 17



      010008EEH   BLOCK     CODE     ---       LVL=0
      010008EEH   BLOCK     CODE     NEAR LAB  LVL=1
      00000007H   SYMBOL    DATA     VOID      j
      ---         BLOCKEND  ---      ---       LVL=1
      ---         BLOCKEND  ---      ---       LVL=0

      01000D83H   BLOCK     CODE     ---       LVL=0
      01000D83H   BLOCK     CODE     NEAR LAB  LVL=1
      00000007H   SYMBOL    DATA     VOID      j
      ---         BLOCKEND  ---      ---       LVL=1
      ---         BLOCKEND  ---      ---       LVL=0

      01000B44H   BLOCK     CODE     ---       LVL=0
      ---         BLOCKEND  ---      ---       LVL=0

      01000994H   BLOCK     CODE     ---       LVL=0
      ---         BLOCKEND  ---      ---       LVL=0

      010009DFH   BLOCK     CODE     ---       LVL=0
      010009E1H   BLOCK     CODE     NEAR LAB  LVL=1
      00000007H   SYMBOL    DATA     VOID      i
      00000006H   SYMBOL    DATA     VOID      j
      ---         BLOCKEND  ---      ---       LVL=1
      ---         BLOCKEND  ---      ---       LVL=0

      01000CB0H   BLOCK     CODE     ---       LVL=0
      ---         BLOCKEND  ---      ---       LVL=0

      01000CB6H   BLOCK     CODE     ---       LVL=0
      ---         BLOCKEND  ---      ---       LVL=0

      01000D49H   BLOCK     CODE     ---       LVL=0
      ---         BLOCKEND  ---      ---       LVL=0

      01000C5BH   BLOCK     CODE     ---       LVL=0
      ---         BLOCKEND  ---      ---       LVL=0

      01000C42H   BLOCK     CODE     ---       LVL=0
      ---         BLOCKEND  ---      ---       LVL=0

      01000A24H   BLOCK     CODE     ---       LVL=0
      01000A2EH   BLOCK     CODE     NEAR LAB  LVL=1
      0000001DH   SYMBOL    DATA     VOID      i
      0000001EH   SYMBOL    DATA     VOID      j
      ---         BLOCKEND  ---      ---       LVL=1
      ---         BLOCKEND  ---      ---       LVL=0

      0100088AH   BLOCK     CODE     ---       LVL=0
      01000894H   BLOCK     CODE     NEAR LAB  LVL=1
      00000005H   SYMBOL    DATA     VOID      j
      ---         BLOCKEND  ---      ---       LVL=1
      ---         BLOCKEND  ---      ---       LVL=0

      ---         MODULE    ---      ---       MEMORY
      01000D52H   PUBLIC    CODE     ---       Memory_Update
      01000003H   PUBLIC    CODE     ---       Memory_Init

      01000003H   BLOCK     CODE     ---       LVL=0
      ---         BLOCKEND  ---      ---       LVL=0

      01000D52H   BLOCK     CODE     ---       LVL=0
      ---         BLOCKEND  ---      ---       LVL=0

      ---         MODULE    ---      ---       DECISION
LX51 LINKER/LOCATER V4.66.66.0                                                        01/06/2018  20:09:02  PAGE 18


      01000D89H   PUBLIC    CODE     ---       Decision_Update
      01000D88H   PUBLIC    CODE     ---       Decision_Init

      01000D88H   BLOCK     CODE     ---       LVL=0
      ---         BLOCKEND  ---      ---       LVL=0

      01000D89H   BLOCK     CODE     ---       LVL=0
      ---         BLOCKEND  ---      ---       LVL=0

      ---         MODULE    ---      ---       ERROR
      01000D8BH   PUBLIC    CODE     ---       Error_Update
      01000D8AH   PUBLIC    CODE     ---       Error_Init

      01000D8AH   BLOCK     CODE     ---       LVL=0
      ---         BLOCKEND  ---      ---       LVL=0

      01000D8BH   BLOCK     CODE     ---       LVL=0
      ---         BLOCKEND  ---      ---       LVL=0

      ---         MODULE    ---      ---       ?C_STARTUP
      01000000H   PUBLIC    CODE     ---       ?C_STARTUP

      ---         MODULE    ---      ---       ?C?CLDPTR
      010005B0H   PUBLIC    CODE     ---       ?C?CLDPTR

      ---         MODULE    ---      ---       ?C?CLDOPTR
      010005C9H   PUBLIC    CODE     ---       ?C?CLDOPTR

      ---         MODULE    ---      ---       ?C?CSTOPTR
      010005F6H   PUBLIC    CODE     ---       ?C?CSTOPTR

      ---         MODULE    ---      ---       ?C?ULCMP
      01000618H   PUBLIC    CODE     ---       ?C?ULCMP

      ---         MODULE    ---      ---       ?C?LSHL
      01000629H   PUBLIC    CODE     ---       ?C?LSHL

      ---         MODULE    ---      ---       ?C?LSTXDATA
      0100063CH   PUBLIC    CODE     ---       ?C?LSTXDATA

      ---         MODULE    ---      ---       ?C?ICALL
      01000648H   PUBLIC    CODE     ---       ?C?ICALL
      0100064CH   PUBLIC    CODE     ---       ?C?ICALL2



*** WARNING L57: UNCALLED FUNCTION, IGNORED FOR OVERLAY PROCESS
    NAME:    _CRC16/COMMCMDALL

*** WARNING L57: UNCALLED FUNCTION, IGNORED FOR OVERLAY PROCESS
    NAME:    _FLASHROM_READ_32BYTES/FLASHROM

Program Size: data=74.4 xdata=788 const=0 code=3468
LX51 RUN COMPLETE.  2 WARNING(S),  0 ERROR(S)
