LX51 LINKER/LOCATER V4.66.66.0                                                          01/07/2018  13:32:30  PAGE 1


LX51 LINKER/LOCATER V4.66.66.0, INVOKED BY:
C:\PROGRAM FILES\MYPROJEC\KEIL\C51\BIN\LX51.EXE ..\HexCode\Main.obj, ..\HexCode\0_02_11h.obj, ..\HexCode\hSch51.obj, ..\
>> HexCode\serialS1.obj, ..\HexCode\serialS2.obj, ..\HexCode\serialS3.obj, ..\HexCode\serialS4.obj, ..\HexCode\CommCmdAl
>> l.obj, ..\HexCode\CommCmdS1.obj, ..\HexCode\CommCmdS2.obj, ..\HexCode\CommCmdS3.obj, ..\HexCode\CommCmdS4.obj, ..\Hex
>> Code\Input.obj, ..\HexCode\Output.obj, ..\HexCode\beep.obj, ..\HexCode\led.obj, ..\HexCode\FlashRom.obj, ..\HexCode\m
>> emory.obj, ..\HexCode\Decision.obj, ..\HexCode\Error.obj TO ..\HexCode\Solar1_1 PRINT (.\Solar1_1.map) OVERLAY (MAIN 
>> ~  (COMM_UPDATE, DISPATCH_UPDATE), HSCH_DISPATCH_TASKS !  (COMM_UPDATE, DISPATCH_UPDATE))


CPU MODE:     8051 MODE
MEMORY MODEL: SMALL


INPUT MODULES INCLUDED:
  ..\HexCode\Main.obj (MAIN)
         COMMENT TYPE 0: C51 V9.56.0.0
  ..\HexCode\0_02_11h.obj (0_02_11H)
         COMMENT TYPE 0: C51 V9.56.0.0
  ..\HexCode\hSch51.obj (HSCH51)
         COMMENT TYPE 0: C51 V9.56.0.0
  ..\HexCode\serialS1.obj (SERIALS1)
         COMMENT TYPE 0: C51 V9.56.0.0
  ..\HexCode\serialS2.obj (SERIALS2)
         COMMENT TYPE 0: C51 V9.56.0.0
  ..\HexCode\serialS3.obj (SERIALS3)
         COMMENT TYPE 0: C51 V9.56.0.0
  ..\HexCode\serialS4.obj (SERIALS4)
         COMMENT TYPE 0: C51 V9.56.0.0
  ..\HexCode\CommCmdAll.obj (COMMCMDALL)
         COMMENT TYPE 0: C51 V9.56.0.0
  ..\HexCode\CommCmdS1.obj (COMMCMDS1)
         COMMENT TYPE 0: C51 V9.56.0.0
  ..\HexCode\CommCmdS2.obj (COMMCMDS2)
         COMMENT TYPE 0: C51 V9.56.0.0
  ..\HexCode\CommCmdS3.obj (COMMCMDS3)
         COMMENT TYPE 0: C51 V9.56.0.0
  ..\HexCode\CommCmdS4.obj (COMMCMDS4)
         COMMENT TYPE 0: C51 V9.56.0.0
  ..\HexCode\Input.obj (INPUT)
         COMMENT TYPE 0: C51 V9.56.0.0
  ..\HexCode\Output.obj (OUTPUT)
         COMMENT TYPE 0: C51 V9.56.0.0
  ..\HexCode\beep.obj (BEEP)
         COMMENT TYPE 0: C51 V9.56.0.0
  ..\HexCode\led.obj (LED)
         COMMENT TYPE 0: C51 V9.56.0.0
  ..\HexCode\FlashRom.obj (FLASHROM)
         COMMENT TYPE 0: C51 V9.56.0.0
  ..\HexCode\memory.obj (MEMORY)
         COMMENT TYPE 0: C51 V9.56.0.0
  ..\HexCode\Decision.obj (DECISION)
         COMMENT TYPE 0: C51 V9.56.0.0
  ..\HexCode\Error.obj (ERROR)
         COMMENT TYPE 0: C51 V9.56.0.0
  C:\PROGRAM FILES\MYPROJEC\KEIL\C51\LIB\C51S.LIB (?C_STARTUP)
         COMMENT TYPE 1: A51 / ASM51 Assembler
  C:\PROGRAM FILES\MYPROJEC\KEIL\C51\LIB\C51S.LIB (?C?CLDPTR)
         COMMENT TYPE 1: A51 / ASM51 Assembler
  C:\PROGRAM FILES\MYPROJEC\KEIL\C51\LIB\C51S.LIB (?C?CLDOPTR)
         COMMENT TYPE 1: A51 / ASM51 Assembler
  C:\PROGRAM FILES\MYPROJEC\KEIL\C51\LIB\C51S.LIB (?C?CSTOPTR)
         COMMENT TYPE 1: A51 / ASM51 Assembler
  C:\PROGRAM FILES\MYPROJEC\KEIL\C51\LIB\C51S.LIB (?C?ULCMP)
         COMMENT TYPE 1: A51 / ASM51 Assembler
  C:\PROGRAM FILES\MYPROJEC\KEIL\C51\LIB\C51S.LIB (?C?LSHL)
         COMMENT TYPE 1: A51 / ASM51 Assembler
LX51 LINKER/LOCATER V4.66.66.0                                                        01/07/2018  13:32:30  PAGE 2


  C:\PROGRAM FILES\MYPROJEC\KEIL\C51\LIB\C51S.LIB (?C?LSTXDATA)
         COMMENT TYPE 1: A51 / ASM51 Assembler
  C:\PROGRAM FILES\MYPROJEC\KEIL\C51\LIB\C51S.LIB (?C?ICALL)
         COMMENT TYPE 1: A51 / ASM51 Assembler
  C:\PROGRAM FILES\MYPROJEC\KEIL\C51\LIB\C51S.LIB (?C_INIT)
         COMMENT TYPE 1: A51 / ASM51 Assembler


ACTIVE MEMORY CLASSES OF MODULE:  ..\HexCode\Solar1_1 (MAIN)

BASE        START       END         USED      MEMORY CLASS
==========================================================
C:000000H   C:000000H   C:00FFFFH   001021H   CODE
X:000000H   X:000000H   X:00FFFFH   000354H   XDATA
I:000020H.0 I:000020H.0 I:00002FH.7 000001H.4 BIT
I:000000H   I:000000H   I:0000FFH   00001BH   IDATA
I:000000H   I:000000H   I:00007FH   000034H   DATA


MEMORY MAP OF MODULE:  ..\HexCode\Solar1_1 (MAIN)


START     STOP      LENGTH    ALIGN  RELOC    MEMORY CLASS   SEGMENT NAME
=========================================================================

* * * * * * * * * * *   D A T A   M E M O R Y   * * * * * * * * * * * * *
000000H   000007H   000008H   ---    AT..     DATA           "REG BANK 0"
000008H   000017H   000010H   BYTE   UNIT     DATA           ?DT?HSCH51
000018H   00001EH   000007H   BYTE   UNIT     DATA           ?DT?_FLASHROM_READ_32BYTES?FLASHROM
00001FH.0 00001FH.7 000001H.0 ---    ---      **GAP**
000020H.0 000021H.0 000001H.1 BIT    UNIT     BIT            ?BI?MAIN
000021H.1 000021H.1 000000H.1 BIT    UNIT     BIT            ?BI?SERIALS1
000021H.2 000021H.2 000000H.1 BIT    UNIT     BIT            ?BI?SERIALS2
000021H.3 000021H.3 000000H.1 BIT    UNIT     BIT            _BIT_GROUP_
000021H.4 000021H   000000H.4 ---    ---      **GAP**
000022H   000031H   000010H   BYTE   UNIT     DATA           _DATA_GROUP_
000032H   000036H   000005H   BYTE   UNIT     DATA           ?DT?_CRC16?COMMCMDALL
000037H   000041H   00000BH   BYTE   UNIT     IDATA          ?ID?SERIALS1
000042H   00004CH   00000BH   BYTE   UNIT     IDATA          ?ID?SERIALS2
00004DH   000050H   000004H   BYTE   UNIT     IDATA          ?ID?MAIN
000051H   000051H   000001H   BYTE   UNIT     IDATA          ?STACK

* * * * * * * * * * *   C O D E   M E M O R Y   * * * * * * * * * * * * *
000000H   000002H   000003H   ---    OFFS..   CODE           ?CO??C_STARTUP?0
000003H   00000AH   000008H   BYTE   UNIT     CODE           ?PR?MEMORY_INIT?MEMORY
00000BH   00000DH   000003H   BYTE   OFFS..   CODE           ?0_02_11H?0000B
00000EH   0001DDH   0001D0H   BYTE   UNIT     CODE           ?PR?COMMCMDS1_UPDATE?COMMCMDS1
0001DEH   0002F0H   000113H   BYTE   UNIT     CODE           ?PR?SERIALS2_UPDATE?SERIALS2
0002F1H   0003FDH   00010DH   BYTE   UNIT     CODE           ?PR?SERIALS1_UPDATE?SERIALS1
0003FEH   0004F1H   0000F4H   BYTE   UNIT     CODE           ?PR?HSCH_UPDATE?0_02_11H
0004F2H   0005D5H   0000E4H   BYTE   UNIT     CODE           ?PR?_RGBLED_DATADEALWITHANDSEND?LED
0005D6H   0006AFH   0000DAH   BYTE   UNIT     CODE           ?PR?SERIALS2_SEND?SERIALS2
0006B0H   000788H   0000D9H   BYTE   UNIT     CODE           ?PR?SERIALS1_SEND?SERIALS1
000789H   000826H   00009EH   BYTE   UNIT     CODE           ?C?LIB_CODE
000827H   0008B2H   00008CH   BYTE   UNIT     CODE           ?C_C51STARTUP
0008B3H   000932H   000080H   BYTE   UNIT     CODE           ?PR?COMMCMDS2_UPDATE?COMMCMDS2
000933H   0009A1H   00006FH   BYTE   UNIT     CODE           ?PR?_CRC16?COMMCMDALL
0009A2H   000A0AH   000069H   BYTE   UNIT     CODE           ?PR?_HSCH_ADD_TASK?HSCH51
000A0BH   000A6EH   000064H   BYTE   UNIT     CODE           ?PR?HSCH_DISPATCH_TASKS?HSCH51
000A6FH   000AD2H   000064H   BYTE   UNIT     CODE           ?PR?_RGBLED_DATSEND?LED
000AD3H   000B36H   000064H   BYTE   UNIT     CODE           ?PR?_FLASHROM_WRITE_32BYTES?FLASHROM
000B37H   000B8FH   000059H   BYTE   UNIT     CODE           ?PR?FLASHROM_INIT?FLASHROM
000B90H   000BE0H   000051H   BYTE   UNIT     CODE           ?C_INITSEG
000BE1H   000C2DH   00004DH   BYTE   UNIT     CODE           ?PR?DISPATCH_UPDATE?MAIN
000C2EH   000C78H   00004BH   BYTE   UNIT     CODE           ?PR?FLASHROM_SAVEINFO?FLASHROM
LX51 LINKER/LOCATER V4.66.66.0                                                        01/07/2018  13:32:30  PAGE 3


000C79H   000CBFH   000047H   BYTE   UNIT     CODE           ?PR?MAIN?MAIN
000CC0H   000D04H   000045H   BYTE   UNIT     CODE           ?PR?_FLASHSAVE_SECTOR?FLASHROM
000D05H   000D48H   000044H   BYTE   UNIT     CODE           ?PR?_FLASHROM_READ_32BYTES?FLASHROM
000D49H   000D81H   000039H   BYTE   UNIT     CODE           ?PR?BEEP_UPDATE?BEEP
000D82H   000DBAH   000039H   BYTE   UNIT     CODE           ?PR?LED_UPDATE?LED
000DBBH   000DE5H   00002BH   BYTE   UNIT     CODE           ?PR?RGBLED_SEND32ZERO?LED
000DE6H   000E0CH   000027H   BYTE   UNIT     CODE           ?PR?FLASHROM_FORMAT?FLASHROM
000E0DH   000E2CH   000020H   BYTE   UNIT     CODE           ?PR?DISPATCH_INIT?MAIN
000E2DH   000E4AH   00001EH   BYTE   UNIT     CODE           ?PR?_RGBLED_SHOW?LED
000E4BH   000E66H   00001CH   BYTE   UNIT     CODE           ?PR?COMMCMDS1_INIT?COMMCMDS1
000E67H   000E82H   00001CH   BYTE   UNIT     CODE           ?PR?COMMCMDS2_INIT?COMMCMDS2
000E83H   000E9BH   000019H   BYTE   UNIT     CODE           ?PR?S1_GETSENDCOUNT?SERIALS1
000E9CH   000EB4H   000019H   BYTE   UNIT     CODE           ?PR?S1_GETRECVCOUNT?SERIALS1
000EB5H   000ECDH   000019H   BYTE   UNIT     CODE           ?PR?S2_GETSENDCOUNT?SERIALS2
000ECEH   000EE6H   000019H   BYTE   UNIT     CODE           ?PR?S2_GETRECVCOUNT?SERIALS2
000EE7H   000EFFH   000019H   BYTE   UNIT     CODE           ?PR?_FLASHROM_READ_1BYTE?FLASHROM
000F00H   000F17H   000018H   BYTE   UNIT     CODE           ?PR?_FLASHROM_ERASE?FLASHROM
000F18H   000F2CH   000015H   BYTE   UNIT     CODE           ?PR?_BEEP_SET?BEEP
000F2DH   000F41H   000015H   BYTE   UNIT     CODE           ?PR?_DELAYMS?LED
000F42H   000F55H   000014H   BYTE   UNIT     CODE           ?PR?OUTPUT_INIT?OUTPUT
000F56H   000F69H   000014H   BYTE   UNIT     CODE           ?PR?_LED_SET?LED
000F6AH   000F7BH   000012H   BYTE   UNIT     CODE           ?PR?IAP_IAP_ENABLE?FLASHROM
000F7CH   000F8CH   000011H   BYTE   UNIT     CODE           ?PR?HSCH_INIT_T0?0_02_11H
000F8DH   000F9DH   000011H   BYTE   UNIT     CODE           ?PR?SERIALS1_INIT?SERIALS1
000F9EH   000FADH   000010H   BYTE   UNIT     CODE           ?PR?SERIALS2_INIT?SERIALS2
000FAEH   000FB9H   00000CH   BYTE   UNIT     CODE           ?PR?COMMCMDALL_INIT?COMMCMDALL
000FBAH   000FC4H   00000BH   BYTE   UNIT     CODE           ?PR?BEEP_INIT?BEEP
000FC5H   000FCFH   00000BH   BYTE   UNIT     CODE           ?PR?LED_INIT?LED
000FD0H   000FDAH   00000BH   BYTE   UNIT     CODE           ?PR?_RGBLED_TAKEANTICODE?LED
000FDBH   000FE3H   000009H   BYTE   UNIT     CODE           ?PR?IAP_IAP_DISABLE?FLASHROM
000FE4H   000FECH   000009H   BYTE   UNIT     CODE           ?PR?MEMORY_UPDATE?MEMORY
000FEDH   000FF2H   000006H   BYTE   UNIT     CODE           ?PR?SERIALALL_UPDATE?COMMCMDALL
000FF3H   000FF8H   000006H   BYTE   UNIT     CODE           ?PR?COMMCMDALL_UPDATE?COMMCMDALL
000FF9H   000FFEH   000006H   BYTE   UNIT     CODE           ?PR?OUTPUT_UPDATE?OUTPUT
000FFFH   001002H   000004H   BYTE   UNIT     CODE           ?PR?HSCH_GO_TO_SLEEP?HSCH51
001003H   001005H   000003H   BYTE   UNIT     CODE           ?PR?COMM_UPDATE?MAIN
001006H   001008H   000003H   BYTE   UNIT     CODE           ?PR?HSCH_START?0_02_11H
001009H   00100BH   000003H   BYTE   UNIT     CODE           ?PR?BEEP_ON?BEEP
00100CH   00100EH   000003H   BYTE   UNIT     CODE           ?PR?BEEP_OFF?BEEP
00100FH   001011H   000003H   BYTE   UNIT     CODE           ?PR?_DELAYUS2X?LED
001012H   001014H   000003H   BYTE   UNIT     CODE           ?PR?LED_ON?LED
001015H   001017H   000003H   BYTE   UNIT     CODE           ?PR?LED_OFF?LED
001018H   00101AH   000003H   BYTE   UNIT     CODE           ?PR?_FLASHROM_READ?FLASHROM
00101BH   00101BH   000001H   BYTE   UNIT     CODE           ?PR?INPUT_INIT?INPUT
00101CH   00101CH   000001H   BYTE   UNIT     CODE           ?PR?INPUT_UPDATE?INPUT
00101DH   00101DH   000001H   BYTE   UNIT     CODE           ?PR?DECISION_INIT?DECISION
00101EH   00101EH   000001H   BYTE   UNIT     CODE           ?PR?DECISION_UPDATE?DECISION
00101FH   00101FH   000001H   BYTE   UNIT     CODE           ?PR?ERROR_INIT?ERROR
001020H   001020H   000001H   BYTE   UNIT     CODE           ?PR?ERROR_UPDATE?ERROR

* * * * * * * * * * *  X D A T A   M E M O R Y  * * * * * * * * * * * * *
000000H   00012BH   00012CH   BYTE   UNIT     XDATA          ?XD?MAIN
00012CH   00021BH   0000F0H   BYTE   UNIT     XDATA          ?XD?SERIALS1
00021CH   00030BH   0000F0H   BYTE   UNIT     XDATA          ?XD?SERIALS2
00030CH   00034FH   000044H   BYTE   UNIT     XDATA          ?XD?LED
000350H   000353H   000004H   BYTE   UNIT     XDATA          ?XD?BEEP



OVERLAY MAP OF MODULE:   ..\HexCode\Solar1_1 (MAIN)


FUNCTION/MODULE                        BIT_GROUP   DATA_GROUP 
--> CALLED FUNCTION/MODULE            START  STOP  START  STOP
==============================================================
LX51 LINKER/LOCATER V4.66.66.0                                                        01/07/2018  13:32:30  PAGE 4


HSCH_UPDATE/0_02_11H                  ----- -----  0022H 0022H

*** NEW ROOT ************************

?C_C51STARTUP                         ----- -----  ----- -----
  +--> MAIN/MAIN
  +--> ?C_INITSEG

MAIN/MAIN                             ----- -----  ----- -----
  +--> DISPATCH_INIT/MAIN
  +--> HSCH_INIT_T0/0_02_11H
  +--> _HSCH_ADD_TASK/HSCH51
  +--> HSCH_START/0_02_11H
  +--> HSCH_DISPATCH_TASKS/HSCH51

DISPATCH_INIT/MAIN                    ----- -----  ----- -----
  +--> MEMORY_INIT/MEMORY
  +--> OUTPUT_INIT/OUTPUT
  +--> INPUT_INIT/INPUT
  +--> COMMCMDALL_INIT/COMMCMDALL
  +--> DECISION_INIT/DECISION
  +--> ERROR_INIT/ERROR

MEMORY_INIT/MEMORY                    ----- -----  ----- -----
  +--> FLASHROM_INIT/FLASHROM

FLASHROM_INIT/FLASHROM                ----- -----  ----- -----
  +--> _FLASHROM_READ/FLASHROM
  +--> FLASHROM_FORMAT/FLASHROM

_FLASHROM_READ/FLASHROM               ----- -----  ----- -----

FLASHROM_FORMAT/FLASHROM              ----- -----  ----- -----
  +--> _FLASHSAVE_SECTOR/FLASHROM

_FLASHSAVE_SECTOR/FLASHROM            ----- -----  ----- -----
  +--> _FLASHROM_WRITE_32BYTES/FLASHROM

_FLASHROM_WRITE_32BYTES/FLASHROM      ----- -----  0024H 0028H
  +--> _FLASHROM_ERASE/FLASHROM
  +--> IAP_IAP_ENABLE/FLASHROM
  +--> IAP_IAP_DISABLE/FLASHROM

_FLASHROM_ERASE/FLASHROM              ----- -----  ----- -----
  +--> IAP_IAP_ENABLE/FLASHROM
  +--> IAP_IAP_DISABLE/FLASHROM

IAP_IAP_ENABLE/FLASHROM               ----- -----  ----- -----

IAP_IAP_DISABLE/FLASHROM              ----- -----  ----- -----

OUTPUT_INIT/OUTPUT                    ----- -----  ----- -----
  +--> BEEP_INIT/BEEP
  +--> LED_INIT/LED
  +--> _BEEP_SET/BEEP
  +--> _LED_SET/LED

BEEP_INIT/BEEP                        ----- -----  ----- -----

LED_INIT/LED                          ----- -----  ----- -----

_BEEP_SET/BEEP                        ----- -----  ----- -----

_LED_SET/LED                          ----- -----  ----- -----

LX51 LINKER/LOCATER V4.66.66.0                                                        01/07/2018  13:32:30  PAGE 5


INPUT_INIT/INPUT                      ----- -----  ----- -----

COMMCMDALL_INIT/COMMCMDALL            ----- -----  ----- -----
  +--> SERIALS1_INIT/SERIALS1
  +--> SERIALS2_INIT/SERIALS2
  +--> COMMCMDS1_INIT/COMMCMDS1
  +--> COMMCMDS2_INIT/COMMCMDS2

SERIALS1_INIT/SERIALS1                ----- -----  ----- -----

SERIALS2_INIT/SERIALS2                ----- -----  ----- -----

COMMCMDS1_INIT/COMMCMDS1              ----- -----  ----- -----

COMMCMDS2_INIT/COMMCMDS2              ----- -----  ----- -----

DECISION_INIT/DECISION                ----- -----  ----- -----

ERROR_INIT/ERROR                      ----- -----  ----- -----

HSCH_INIT_T0/0_02_11H                 ----- -----  ----- -----

_HSCH_ADD_TASK/HSCH51                 21H.3 21H.3  ----- -----

HSCH_START/0_02_11H                   ----- -----  ----- -----

HSCH_DISPATCH_TASKS/HSCH51            ----- -----  0023H 0023H
  +--> HSCH_GO_TO_SLEEP/HSCH51
  +--> COMM_UPDATE/MAIN
  +--> DISPATCH_UPDATE/MAIN

HSCH_GO_TO_SLEEP/HSCH51               ----- -----  ----- -----

COMM_UPDATE/MAIN                      ----- -----  ----- -----
  +--> SERIALALL_UPDATE/COMMCMDALL

SERIALALL_UPDATE/COMMCMDALL           ----- -----  ----- -----
  +--> SERIALS1_UPDATE/SERIALS1
  +--> SERIALS2_UPDATE/SERIALS2

SERIALS1_UPDATE/SERIALS1              ----- -----  ----- -----

SERIALS2_UPDATE/SERIALS2              ----- -----  ----- -----

DISPATCH_UPDATE/MAIN                  ----- -----  ----- -----
  +--> INPUT_UPDATE/INPUT
  +--> DECISION_UPDATE/DECISION
  +--> ERROR_UPDATE/ERROR
  +--> MEMORY_UPDATE/MEMORY
  +--> COMMCMDALL_UPDATE/COMMCMDALL
  +--> OUTPUT_UPDATE/OUTPUT
  +--> _BEEP_SET/BEEP

INPUT_UPDATE/INPUT                    ----- -----  ----- -----

DECISION_UPDATE/DECISION              ----- -----  ----- -----

ERROR_UPDATE/ERROR                    ----- -----  ----- -----

MEMORY_UPDATE/MEMORY                  ----- -----  ----- -----
  +--> FLASHROM_SAVEINFO/FLASHROM

FLASHROM_SAVEINFO/FLASHROM            ----- -----  ----- -----
  +--> _FLASHSAVE_SECTOR/FLASHROM

LX51 LINKER/LOCATER V4.66.66.0                                                        01/07/2018  13:32:30  PAGE 6


COMMCMDALL_UPDATE/COMMCMDALL          ----- -----  ----- -----
  +--> COMMCMDS1_UPDATE/COMMCMDS1
  +--> COMMCMDS2_UPDATE/COMMCMDS2

COMMCMDS1_UPDATE/COMMCMDS1            ----- -----  0024H 0025H
  +--> S1_GETRECVCOUNT/SERIALS1
  +--> SERIALS1_SEND/SERIALS1
  +--> _RGBLED_SHOW/LED

S1_GETRECVCOUNT/SERIALS1              ----- -----  ----- -----

SERIALS1_SEND/SERIALS1                ----- -----  ----- -----
  +--> S1_GETSENDCOUNT/SERIALS1

S1_GETSENDCOUNT/SERIALS1              ----- -----  ----- -----

_RGBLED_SHOW/LED                      ----- -----  0026H 0028H
  +--> _DELAYMS/LED
  +--> RGBLED_SEND32ZERO/LED
  +--> _RGBLED_DATADEALWITHANDSEND/LED

_DELAYMS/LED                          ----- -----  ----- -----
  +--> _DELAYUS2X/LED

_DELAYUS2X/LED                        ----- -----  ----- -----

RGBLED_SEND32ZERO/LED                 ----- -----  ----- -----

_RGBLED_DATADEALWITHANDSEND/LED       ----- -----  0029H 002CH
  +--> _RGBLED_TAKEANTICODE/LED
  +--> _RGBLED_DATSEND/LED

_RGBLED_TAKEANTICODE/LED              ----- -----  ----- -----

_RGBLED_DATSEND/LED                   ----- -----  002DH 0031H

COMMCMDS2_UPDATE/COMMCMDS2            ----- -----  ----- -----
  +--> S2_GETRECVCOUNT/SERIALS2
  +--> SERIALS2_SEND/SERIALS2

S2_GETRECVCOUNT/SERIALS2              ----- -----  ----- -----

SERIALS2_SEND/SERIALS2                ----- -----  ----- -----
  +--> S2_GETSENDCOUNT/SERIALS2

S2_GETSENDCOUNT/SERIALS2              ----- -----  ----- -----

OUTPUT_UPDATE/OUTPUT                  ----- -----  ----- -----
  +--> BEEP_UPDATE/BEEP
  +--> LED_UPDATE/LED

BEEP_UPDATE/BEEP                      ----- -----  ----- -----
  +--> BEEP_ON/BEEP
  +--> BEEP_OFF/BEEP

BEEP_ON/BEEP                          ----- -----  ----- -----

BEEP_OFF/BEEP                         ----- -----  ----- -----

LED_UPDATE/LED                        ----- -----  ----- -----
  +--> LED_ON/LED
  +--> LED_OFF/LED

LED_ON/LED                            ----- -----  ----- -----

LX51 LINKER/LOCATER V4.66.66.0                                                        01/07/2018  13:32:30  PAGE 7


LED_OFF/LED                           ----- -----  ----- -----

?C_INITSEG                            ----- -----  ----- -----



PUBLIC SYMBOLS OF MODULE:  ..\HexCode\Solar1_1 (MAIN)


      VALUE       CLASS    TYPE      PUBLIC SYMBOL NAME
      =================================================
      00000021H.3 BIT      BIT       ?_hSCH_Add_Task?BIT
      010007A2H   CODE     ---       ?C?CLDOPTR
      01000789H   CODE     ---       ?C?CLDPTR
      00000000H   NUMBER   ---       ?C?CODESEG
      010007CFH   CODE     ---       ?C?CSTOPTR
      01000821H   CODE     ---       ?C?ICALL
      01000825H   CODE     ---       ?C?ICALL2
      01000802H   CODE     ---       ?C?LSHL
      01000815H   CODE     ---       ?C?LSTXDATA
      010007F1H   CODE     ---       ?C?ULCMP
      00000000H   NUMBER   ---       ?C?XDATASEG
      0100086EH   CODE     ---       ?C_START
      01000000H   CODE     ---       ?C_STARTUP
      01000F18H   CODE     ---       _BEEP_Set
      01000933H   CODE     ---       _crc16
      01000F2DH   CODE     ---       _DelayMs
      0100100FH   CODE     ---       _DelayUs2x
      01000F00H   CODE     ---       _FlashRom_Erase
      01001018H   CODE     ---       _FlashRom_Read
      01000EE7H   CODE     ---       _FlashRom_Read_1Byte
      01000D05H   CODE     ---       _FlashRom_Read_32Bytes
      01000AD3H   CODE     ---       _FlashRom_Write_32Bytes
      01000CC0H   CODE     ---       _FlashSave_Sector
      010009A2H   CODE     ---       _hSCH_Add_Task
      01000F56H   CODE     ---       _LED_Set
      010004F8H   CODE     ---       _RGBLED_DataDealWithAndSend
      01000A6FH   CODE     ---       _RGBLED_DatSend
      01000E2DH   CODE     ---       _RGBLED_Show
      01000FD0H   CODE     ---       _RGBLED_TakeAntiCode
      00000020H.7 BIT      BIT       b_PulseStatus
      00000021H.0 BIT      BIT       b_READ_INFO
      00000020H.0 BIT      BIT       b_SAVE_CHARGE
      00000020H.1 BIT      BIT       b_SAVE_INFO
      00000020H.4 BIT      BIT       b_SAVE_RECORD
      00000020H.2 BIT      BIT       b_Soft_Trap1
      00000020H.3 BIT      BIT       b_Soft_Trap2
      00000020H.6 BIT      BIT       b_SYS_RESET
      0200001FH   XDATA    LONG      Backwater_Temp
      0200008DH   XDATA    LONG      Backwater_Valve1
      0200009AH   XDATA    LONG      Backwater_Valve2
      01000FBAH   CODE     ---       BEEP_Init
      0100100CH   CODE     ---       BEEP_off
      01001009H   CODE     ---       BEEP_on
      01000D49H   CODE     ---       BEEP_Update
      02000124H   XDATA    LONG      Class
      0200034DH   XDATA    BYTE      colorB
      0200034EH   XDATA    BYTE      colorG
      0200030FH   XDATA    BYTE      colorGroup
      02000311H   XDATA    ---       colorNum
      0200034FH   XDATA    BYTE      colorR
      020000EAH   XDATA    LONG      Comeout_Temp
      02000013H   XDATA    DWORD     Comm_TimeTick
      01001003H   CODE     ---       Comm_Update
      01000FAEH   CODE     ---       CommCmdAll_Init
LX51 LINKER/LOCATER V4.66.66.0                                                        01/07/2018  13:32:30  PAGE 8


      01000FF3H   CODE     ---       CommCmdAll_Update
      01000E4BH   CODE     ---       CommCmdS1_Init
      0100000EH   CODE     ---       CommCmdS1_Update
      01000E67H   CODE     ---       CommCmdS2_Init
      010008B3H   CODE     ---       CommCmdS2_Update
      0000004FH   IDATA    WORD      CRC
      020000C9H   XDATA    BYTE      Day_G
      0100101DH   CODE     ---       Decision_Init
      0100101EH   CODE     ---       Decision_Update
      02000075H   XDATA    LONG      Device_type1
      02000079H   XDATA    LONG      Device_type2
      02000081H   XDATA    LONG      Device_type3
      02000089H   XDATA    LONG      Device_type4
      02000096H   XDATA    LONG      Device_type5
      01000E0DH   CODE     ---       Dispatch_Init
      01000BE1H   CODE     ---       Dispatch_Update
      020000DAH   XDATA    LONG      ELE
      020000B5H   XDATA    LONG      Electric_Meter_id
      0200000CH   XDATA    BYTE      Error_code
      0100101FH   CODE     ---       Error_Init
      01001020H   CODE     ---       Error_Update
      01000DE6H   CODE     ---       FlashRom_Format
      01000B37H   CODE     ---       FlashRom_Init
      01000C2EH   CODE     ---       FlashRom_SaveInfo
      02000128H   XDATA    BYTE      Floors
      020000E6H   XDATA    DWORD     G_time
      02000112H   XDATA    LONG      Gateway_Num
      02000002H   XDATA    WORD      gTimeTick
      020000AFH   XDATA    LONG      Heat_Pump_id
      01000A0BH   CODE     ---       hSCH_Dispatch_Tasks
      01000FFFH   CODE     ---       hSCH_Go_To_Sleep
      01000F7CH   CODE     ---       hSCH_Init_T0
      01001006H   CODE     ---       hSCH_Start
      00000008H   DATA     ---       hSCH_tasks_G
      010003FEH   CODE     ---       hSCH_Update
      02000004H   XDATA    LONG      I_a
      02000008H   XDATA    LONG      I_b
      0200000DH   XDATA    LONG      I_c
      02000095H   XDATA    BYTE      I_State
      020000FDH   XDATA    LONG      I_Work_State1
      02000101H   XDATA    LONG      I_Work_State2
      02000106H   XDATA    LONG      I_Work_State3
      01000FDBH   CODE     ---       IAP_IAP_disable
      01000F70H   CODE     ---       IAP_IAP_enable
      0100101BH   CODE     ---       Input_Init
      0100101CH   CODE     ---       Input_Update
      0000004EH   IDATA    BYTE      Koncentrator_Delay
      01000FC5H   CODE     ---       LED_Init
      01001015H   CODE     ---       LED_off
      01001012H   CODE     ---       LED_on
      01000D82H   CODE     ---       LED_Update
      020000CAH   XDATA    LONG      m_AreaCode
      02000351H   XDATA    BYTE      m_BeepL
      02000352H   XDATA    BYTE      m_BeepT
      020000ABH   XDATA    LONG      m_BuildingNum
      00000020H.5 BIT      BIT       m_Change
      020000F2H   XDATA    ---       m_Error
      020000D8H   XDATA    BYTE      m_Input_Count
      0200030EH   XDATA    BYTE      m_LedL
      0200030CH   XDATA    BYTE      m_LedOff
      0200030DH   XDATA    BYTE      m_LedOn
      02000310H   XDATA    BYTE      m_LedT
      02000353H   XDATA    BYTE      m_Off
      02000350H   XDATA    BYTE      m_On
      020000B9H   XDATA    ---       m_Param
LX51 LINKER/LOCATER V4.66.66.0                                                        01/07/2018  13:32:30  PAGE 9


      0200006FH   XDATA    LONG      m_Project
      0200010AH   XDATA    WORD      m_PulseCount
      02000011H   XDATA    WORD      m_Pulsetime
      02000047H   XDATA    ---       m_ROM_Buff
      020000D9H   XDATA    BYTE      m_State
      02000000H   XDATA    WORD      m_time
      0200011CH   XDATA    LONG      m_UserCode
      020000D7H   XDATA    BYTE      m_Vision
      01000C79H   CODE     ---       main
      01000003H   CODE     ---       Memory_Init
      01000FE4H   CODE     ---       Memory_Update
      02000120H   XDATA    BYTE      mLED1
      02000121H   XDATA    BYTE      mLED2
      02000122H   XDATA    BYTE      mLED3
      02000123H   XDATA    BYTE      mLED4
      020000A6H   XDATA    BYTE      Month_G
      02000038H   XDATA    BYTE      my1
      0200003DH   XDATA    BYTE      my2
      02000042H   XDATA    BYTE      my3
      02000043H   XDATA    BYTE      my4
      02000044H   XDATA    BYTE      my5
      02000110H   XDATA    WORD      n_PulseCount
      02000129H   XDATA    BYTE      Oper_State
      02000116H   XDATA    LONG      Out_Humidity
      020000F8H   XDATA    BYTE      out_mode
      020000B4H   XDATA    BYTE      out_State
      0200009EH   XDATA    LONG      Out_Temperature
      0200007DH   XDATA    LONG      Outlet_Temp1
      02000085H   XDATA    LONG      Outlet_Temp2
      02000091H   XDATA    LONG      Outlet_Temp3
      01000F42H   CODE     ---       Output_Init
      01000FF9H   CODE     ---       Output_Update
      02000017H   XDATA    LONG      P_a
      0200001BH   XDATA    LONG      P_b
      02000027H   XDATA    LONG      P_c
      020000DEH   XDATA    LONG      PF_a
      020000E2H   XDATA    LONG      PF_b
      020000EEH   XDATA    LONG      PF_c
      01000DBBH   CODE     ---       RGBLED_Send32Zero
      00000021H.1 BIT      BIT       S1_b_SendPrce
      01000E9CH   CODE     ---       S1_GetRecvCount
      01000E83H   CODE     ---       S1_GetSendCount
      0200012CH   XDATA    ---       S1_Recv_Buff
      00000040H   IDATA    BYTE      S1_Recv_Idle_Count
      00000037H   IDATA    BYTE      S1_RecvCount
      00000038H   IDATA    BYTE      S1_RecvLen
      0000003FH   IDATA    BYTE      S1_RecvPrcePtr
      0000003CH   IDATA    BYTE      S1_RecvPtr
      00000041H   IDATA    BYTE      S1_RecvState
      0000003BH   IDATA    BYTE      S1_RecvSum
      0000003EH   IDATA    BYTE      S1_SendPrcePtr
      0000003AH   IDATA    BYTE      S1_SendPtr
      020001CCH   XDATA    ---       S1_Tran_Buff
      00000039H   IDATA    BYTE      S1_TranLen
      0000003DH   IDATA    BYTE      S1_TranPtr
      00000021H.2 BIT      BIT       S2_b_SendPrce
      01000ECEH   CODE     ---       S2_GetRecvCount
      01000EB5H   CODE     ---       S2_GetSendCount
      0200021CH   XDATA    ---       S2_Recv_Buff
      0000004BH   IDATA    BYTE      S2_Recv_Idle_Count
      00000042H   IDATA    BYTE      S2_RecvCount
      00000043H   IDATA    BYTE      S2_RecvLen
      0000004AH   IDATA    BYTE      S2_RecvPrcePtr
      00000047H   IDATA    BYTE      S2_RecvPtr
      0000004CH   IDATA    BYTE      S2_RecvState
LX51 LINKER/LOCATER V4.66.66.0                                                        01/07/2018  13:32:30  PAGE 10


      00000046H   IDATA    BYTE      S2_RecvSum
      00000049H   IDATA    BYTE      S2_SendPrcePtr
      00000045H   IDATA    BYTE      S2_SendPtr
      020002BCH   XDATA    ---       S2_Tran_Buff
      00000044H   IDATA    BYTE      S2_TranLen
      00000048H   IDATA    BYTE      S2_TranPtr
      02000073H   XDATA    WORD      Send_Interval_Time
      01000FEDH   CODE     ---       SerialAll_Update
      01000F8DH   CODE     ---       SerialS1_Init
      010006B0H   CODE     ---       SerialS1_Send
      010002F1H   CODE     ---       SerialS1_Update
      01000F9EH   CODE     ---       SerialS2_Init
      010005D6H   CODE     ---       SerialS2_Send
      010001DEH   CODE     ---       SerialS2_Update
      020000CEH   XDATA    BYTE      Server_Floors_Start
      020000F7H   XDATA    BYTE      Server_Floors_Stop
      0200010CH   XDATA    DWORD     Set_H_time
      0200011AH   XDATA    WORD      Set_M_time
      0200012AH   XDATA    BYTE      STA_4
      0200012BH   XDATA    BYTE      STB_4
      0000004DH   IDATA    BYTE      Step_Koncentrator
      02000046H   XDATA    BYTE      StepGate
      02000045H   XDATA    BYTE      StepGate_flag
      020000CFH   XDATA    LONG      Supply_Pump1
      020000D3H   XDATA    LONG      Supply_Pump2
      02000105H   XDATA    BYTE      SYS_RESET
      020000B3H   XDATA    BYTE      T_State
      02000033H   XDATA    BYTE      time_State
      02000034H   XDATA    LONG      V_a
      02000039H   XDATA    LONG      V_b
      0200003EH   XDATA    LONG      V_c
      02000023H   XDATA    LONG      Water_Level1
      0200002BH   XDATA    LONG      Water_Level2
      0200002FH   XDATA    LONG      Water_Meter_id
      0200006BH   XDATA    LONG      Water_Supply_id
      02000067H   XDATA    LONG      Water_Tank_id
      020000A2H   XDATA    LONG      Water_Temp1
      020000A7H   XDATA    LONG      Water_Temp2
      020000F9H   XDATA    LONG      Water_Volume



SYMBOL TABLE OF MODULE:  ..\HexCode\Solar1_1 (MAIN)

      VALUE       REP       CLASS    TYPE      SYMBOL NAME
      ====================================================
      ---         MODULE    ---      ---       MAIN
      0200012BH   PUBLIC    XDATA    BYTE      STB_4
      0200012AH   PUBLIC    XDATA    BYTE      STA_4
      02000129H   PUBLIC    XDATA    BYTE      Oper_State
      02000128H   PUBLIC    XDATA    BYTE      Floors
      02000124H   PUBLIC    XDATA    LONG      Class
      02000123H   PUBLIC    XDATA    BYTE      mLED4
      02000122H   PUBLIC    XDATA    BYTE      mLED3
      02000121H   PUBLIC    XDATA    BYTE      mLED2
      02000120H   PUBLIC    XDATA    BYTE      mLED1
      00000021H.0 PUBLIC    BIT      BIT       b_READ_INFO
      0200011CH   PUBLIC    XDATA    LONG      m_UserCode
      0200011AH   PUBLIC    XDATA    WORD      Set_M_time
      02000116H   PUBLIC    XDATA    LONG      Out_Humidity
      02000112H   PUBLIC    XDATA    LONG      Gateway_Num
      02000110H   PUBLIC    XDATA    WORD      n_PulseCount
      0200010CH   PUBLIC    XDATA    DWORD     Set_H_time
      0200010AH   PUBLIC    XDATA    WORD      m_PulseCount
      02000106H   PUBLIC    XDATA    LONG      I_Work_State3
LX51 LINKER/LOCATER V4.66.66.0                                                        01/07/2018  13:32:30  PAGE 11


      02000105H   PUBLIC    XDATA    BYTE      SYS_RESET
      02000101H   PUBLIC    XDATA    LONG      I_Work_State2
      020000FDH   PUBLIC    XDATA    LONG      I_Work_State1
      020000F9H   PUBLIC    XDATA    LONG      Water_Volume
      020000F8H   PUBLIC    XDATA    BYTE      out_mode
      020000F7H   PUBLIC    XDATA    BYTE      Server_Floors_Stop
      020000F2H   PUBLIC    XDATA    ---       m_Error
      020000EEH   PUBLIC    XDATA    LONG      PF_c
      020000EAH   PUBLIC    XDATA    LONG      Comeout_Temp
      020000E6H   PUBLIC    XDATA    DWORD     G_time
      020000E2H   PUBLIC    XDATA    LONG      PF_b
      0000004FH   PUBLIC    IDATA    WORD      CRC
      00000020H.7 PUBLIC    BIT      BIT       b_PulseStatus
      020000DEH   PUBLIC    XDATA    LONG      PF_a
      020000DAH   PUBLIC    XDATA    LONG      ELE
      0000004EH   PUBLIC    IDATA    BYTE      Koncentrator_Delay
      020000D9H   PUBLIC    XDATA    BYTE      m_State
      020000D8H   PUBLIC    XDATA    BYTE      m_Input_Count
      020000D7H   PUBLIC    XDATA    BYTE      m_Vision
      020000D3H   PUBLIC    XDATA    LONG      Supply_Pump2
      020000CFH   PUBLIC    XDATA    LONG      Supply_Pump1
      020000CEH   PUBLIC    XDATA    BYTE      Server_Floors_Start
      020000CAH   PUBLIC    XDATA    LONG      m_AreaCode
      020000C9H   PUBLIC    XDATA    BYTE      Day_G
      020000B9H   PUBLIC    XDATA    ---       m_Param
      020000B5H   PUBLIC    XDATA    LONG      Electric_Meter_id
      020000B4H   PUBLIC    XDATA    BYTE      out_State
      020000B3H   PUBLIC    XDATA    BYTE      T_State
      020000AFH   PUBLIC    XDATA    LONG      Heat_Pump_id
      020000ABH   PUBLIC    XDATA    LONG      m_BuildingNum
      020000A7H   PUBLIC    XDATA    LONG      Water_Temp2
      020000A6H   PUBLIC    XDATA    BYTE      Month_G
      020000A2H   PUBLIC    XDATA    LONG      Water_Temp1
      0200009EH   PUBLIC    XDATA    LONG      Out_Temperature
      0200009AH   PUBLIC    XDATA    LONG      Backwater_Valve2
      02000096H   PUBLIC    XDATA    LONG      Device_type5
      02000095H   PUBLIC    XDATA    BYTE      I_State
      02000091H   PUBLIC    XDATA    LONG      Outlet_Temp3
      0200008DH   PUBLIC    XDATA    LONG      Backwater_Valve1
      02000089H   PUBLIC    XDATA    LONG      Device_type4
      02000085H   PUBLIC    XDATA    LONG      Outlet_Temp2
      02000081H   PUBLIC    XDATA    LONG      Device_type3
      0200007DH   PUBLIC    XDATA    LONG      Outlet_Temp1
      02000079H   PUBLIC    XDATA    LONG      Device_type2
      02000075H   PUBLIC    XDATA    LONG      Device_type1
      02000073H   PUBLIC    XDATA    WORD      Send_Interval_Time
      0200006FH   PUBLIC    XDATA    LONG      m_Project
      00000020H.6 PUBLIC    BIT      BIT       b_SYS_RESET
      0200006BH   PUBLIC    XDATA    LONG      Water_Supply_id
      02000067H   PUBLIC    XDATA    LONG      Water_Tank_id
      02000047H   PUBLIC    XDATA    ---       m_ROM_Buff
      02000046H   PUBLIC    XDATA    BYTE      StepGate
      02000045H   PUBLIC    XDATA    BYTE      StepGate_flag
      02000044H   PUBLIC    XDATA    BYTE      my5
      02000043H   PUBLIC    XDATA    BYTE      my4
      02000042H   PUBLIC    XDATA    BYTE      my3
      0200003EH   PUBLIC    XDATA    LONG      V_c
      0200003DH   PUBLIC    XDATA    BYTE      my2
      02000039H   PUBLIC    XDATA    LONG      V_b
      02000038H   PUBLIC    XDATA    BYTE      my1
      00000020H.5 PUBLIC    BIT      BIT       m_Change
      02000034H   PUBLIC    XDATA    LONG      V_a
      02000033H   PUBLIC    XDATA    BYTE      time_State
      00000020H.4 PUBLIC    BIT      BIT       b_SAVE_RECORD
      0200002FH   PUBLIC    XDATA    LONG      Water_Meter_id
LX51 LINKER/LOCATER V4.66.66.0                                                        01/07/2018  13:32:30  PAGE 12


      0200002BH   PUBLIC    XDATA    LONG      Water_Level2
      02000027H   PUBLIC    XDATA    LONG      P_c
      02000023H   PUBLIC    XDATA    LONG      Water_Level1
      0200001FH   PUBLIC    XDATA    LONG      Backwater_Temp
      0200001BH   PUBLIC    XDATA    LONG      P_b
      02000017H   PUBLIC    XDATA    LONG      P_a
      02000013H   PUBLIC    XDATA    DWORD     Comm_TimeTick
      00000020H.3 PUBLIC    BIT      BIT       b_Soft_Trap2
      00000020H.2 PUBLIC    BIT      BIT       b_Soft_Trap1
      02000011H   PUBLIC    XDATA    WORD      m_Pulsetime
      0200000DH   PUBLIC    XDATA    LONG      I_c
      0200000CH   PUBLIC    XDATA    BYTE      Error_code
      02000008H   PUBLIC    XDATA    LONG      I_b
      02000004H   PUBLIC    XDATA    LONG      I_a
      02000002H   PUBLIC    XDATA    WORD      gTimeTick
      0000004DH   PUBLIC    IDATA    BYTE      Step_Koncentrator
      00000020H.1 PUBLIC    BIT      BIT       b_SAVE_INFO
      00000020H.0 PUBLIC    BIT      BIT       b_SAVE_CHARGE
      02000000H   PUBLIC    XDATA    WORD      m_time
      01000E0DH   PUBLIC    CODE     ---       Dispatch_Init
      01000BE1H   PUBLIC    CODE     ---       Dispatch_Update
      01001003H   PUBLIC    CODE     ---       Comm_Update
      01000C79H   PUBLIC    CODE     ---       main

      01000C79H   BLOCK     CODE     ---       LVL=0
      ---         BLOCKEND  ---      ---       LVL=0

      01001003H   BLOCK     CODE     ---       LVL=0
      ---         BLOCKEND  ---      ---       LVL=0

      01000BE1H   BLOCK     CODE     ---       LVL=0
      ---         BLOCKEND  ---      ---       LVL=0

      01000E0DH   BLOCK     CODE     ---       LVL=0
      ---         BLOCKEND  ---      ---       LVL=0

      ---         MODULE    ---      ---       0_02_11H
      010003FEH   PUBLIC    CODE     ---       hSCH_Update
      01001006H   PUBLIC    CODE     ---       hSCH_Start
      01000F7CH   PUBLIC    CODE     ---       hSCH_Init_T0

      01000F7CH   BLOCK     CODE     ---       LVL=0
      ---         BLOCKEND  ---      ---       LVL=0

      01001006H   BLOCK     CODE     ---       LVL=0
      ---         BLOCKEND  ---      ---       LVL=0

      010003FEH   BLOCK     CODE     ---       LVL=0
      0100041BH   BLOCK     CODE     NEAR LAB  LVL=1
      00000022H   SYMBOL    DATA     VOID      Index
      ---         BLOCKEND  ---      ---       LVL=1
      ---         BLOCKEND  ---      ---       LVL=0

      ---         MODULE    ---      ---       HSCH51
      00000008H   PUBLIC    DATA     ---       hSCH_tasks_G
      01000FFFH   PUBLIC    CODE     ---       hSCH_Go_To_Sleep
      00000021H.3 PUBLIC    BIT      BIT       ?_hSCH_Add_Task?BIT
      010009A2H   PUBLIC    CODE     ---       _hSCH_Add_Task
      01000A0BH   PUBLIC    CODE     ---       hSCH_Dispatch_Tasks

      01000A0BH   BLOCK     CODE     ---       LVL=0
      01000A0BH   BLOCK     CODE     NEAR LAB  LVL=1
      00000023H   SYMBOL    DATA     VOID      Index
      ---         BLOCKEND  ---      ---       LVL=1
      ---         BLOCKEND  ---      ---       LVL=0
LX51 LINKER/LOCATER V4.66.66.0                                                        01/07/2018  13:32:30  PAGE 13



      010009A2H   BLOCK     CODE     ---       LVL=0
      010009A2H   BLOCK     CODE     NEAR LAB  LVL=1
      00000004H   SYMBOL    DATA     VOID      Index
      ---         BLOCKEND  ---      ---       LVL=1
      ---         BLOCKEND  ---      ---       LVL=0

      01000FFFH   BLOCK     CODE     ---       LVL=0
      ---         BLOCKEND  ---      ---       LVL=0

      ---         MODULE    ---      ---       SERIALS1
      00000041H   PUBLIC    IDATA    BYTE      S1_RecvState
      020001CCH   PUBLIC    XDATA    ---       S1_Tran_Buff
      0200012CH   PUBLIC    XDATA    ---       S1_Recv_Buff
      00000040H   PUBLIC    IDATA    BYTE      S1_Recv_Idle_Count
      00000021H.1 PUBLIC    BIT      BIT       S1_b_SendPrce
      0000003FH   PUBLIC    IDATA    BYTE      S1_RecvPrcePtr
      0000003EH   PUBLIC    IDATA    BYTE      S1_SendPrcePtr
      0000003DH   PUBLIC    IDATA    BYTE      S1_TranPtr
      0000003CH   PUBLIC    IDATA    BYTE      S1_RecvPtr
      0000003BH   PUBLIC    IDATA    BYTE      S1_RecvSum
      0000003AH   PUBLIC    IDATA    BYTE      S1_SendPtr
      00000039H   PUBLIC    IDATA    BYTE      S1_TranLen
      00000038H   PUBLIC    IDATA    BYTE      S1_RecvLen
      00000037H   PUBLIC    IDATA    BYTE      S1_RecvCount
      01000E9CH   PUBLIC    CODE     ---       S1_GetRecvCount
      01000E83H   PUBLIC    CODE     ---       S1_GetSendCount
      010006B0H   PUBLIC    CODE     ---       SerialS1_Send
      010002F1H   PUBLIC    CODE     ---       SerialS1_Update
      01000F8DH   PUBLIC    CODE     ---       SerialS1_Init

      01000F8DH   BLOCK     CODE     ---       LVL=0
      ---         BLOCKEND  ---      ---       LVL=0

      010002F1H   BLOCK     CODE     ---       LVL=0
      ---         BLOCKEND  ---      ---       LVL=0

      010006B0H   BLOCK     CODE     ---       LVL=0
      010006B0H   BLOCK     CODE     NEAR LAB  LVL=1
      00000007H   SYMBOL    DATA     VOID      i
      00000006H   SYMBOL    DATA     VOID      len
      ---         BLOCKEND  ---      ---       LVL=1
      ---         BLOCKEND  ---      ---       LVL=0

      01000E83H   BLOCK     CODE     ---       LVL=0
      ---         BLOCKEND  ---      ---       LVL=0

      01000E9CH   BLOCK     CODE     ---       LVL=0
      ---         BLOCKEND  ---      ---       LVL=0

      ---         MODULE    ---      ---       SERIALS2
      0000004CH   PUBLIC    IDATA    BYTE      S2_RecvState
      020002BCH   PUBLIC    XDATA    ---       S2_Tran_Buff
      0200021CH   PUBLIC    XDATA    ---       S2_Recv_Buff
      0000004BH   PUBLIC    IDATA    BYTE      S2_Recv_Idle_Count
      00000021H.2 PUBLIC    BIT      BIT       S2_b_SendPrce
      0000004AH   PUBLIC    IDATA    BYTE      S2_RecvPrcePtr
      00000049H   PUBLIC    IDATA    BYTE      S2_SendPrcePtr
      00000048H   PUBLIC    IDATA    BYTE      S2_TranPtr
      00000047H   PUBLIC    IDATA    BYTE      S2_RecvPtr
      00000046H   PUBLIC    IDATA    BYTE      S2_RecvSum
      00000045H   PUBLIC    IDATA    BYTE      S2_SendPtr
      00000044H   PUBLIC    IDATA    BYTE      S2_TranLen
      00000043H   PUBLIC    IDATA    BYTE      S2_RecvLen
      00000042H   PUBLIC    IDATA    BYTE      S2_RecvCount
LX51 LINKER/LOCATER V4.66.66.0                                                        01/07/2018  13:32:30  PAGE 14


      01000ECEH   PUBLIC    CODE     ---       S2_GetRecvCount
      01000EB5H   PUBLIC    CODE     ---       S2_GetSendCount
      010005D6H   PUBLIC    CODE     ---       SerialS2_Send
      010001DEH   PUBLIC    CODE     ---       SerialS2_Update
      01000F9EH   PUBLIC    CODE     ---       SerialS2_Init

      01000F9EH   BLOCK     CODE     ---       LVL=0
      ---         BLOCKEND  ---      ---       LVL=0

      010001DEH   BLOCK     CODE     ---       LVL=0
      ---         BLOCKEND  ---      ---       LVL=0

      010005D6H   BLOCK     CODE     ---       LVL=0
      010005D6H   BLOCK     CODE     NEAR LAB  LVL=1
      00000007H   SYMBOL    DATA     VOID      i
      00000006H   SYMBOL    DATA     VOID      len
      ---         BLOCKEND  ---      ---       LVL=1
      ---         BLOCKEND  ---      ---       LVL=0

      01000EB5H   BLOCK     CODE     ---       LVL=0
      ---         BLOCKEND  ---      ---       LVL=0

      01000ECEH   BLOCK     CODE     ---       LVL=0
      ---         BLOCKEND  ---      ---       LVL=0

      ---         MODULE    ---      ---       SERIALS3

      ---         MODULE    ---      ---       SERIALS4

      ---         MODULE    ---      ---       COMMCMDALL
      01000933H   PUBLIC    CODE     ---       _crc16
      01000FF3H   PUBLIC    CODE     ---       CommCmdAll_Update
      01000FEDH   PUBLIC    CODE     ---       SerialAll_Update
      01000FAEH   PUBLIC    CODE     ---       CommCmdAll_Init

      01000FAEH   BLOCK     CODE     ---       LVL=0
      ---         BLOCKEND  ---      ---       LVL=0

      01000FEDH   BLOCK     CODE     ---       LVL=0
      ---         BLOCKEND  ---      ---       LVL=0

      01000FF3H   BLOCK     CODE     ---       LVL=0
      ---         BLOCKEND  ---      ---       LVL=0

      01000933H   BLOCK     CODE     ---       LVL=0
      01000939H   BLOCK     CODE     NEAR LAB  LVL=1
      00000035H   SYMBOL    DATA     VOID      i
      00000036H   SYMBOL    DATA     VOID      j
      ---         BLOCKEND  ---      ---       LVL=1
      ---         BLOCKEND  ---      ---       LVL=0

      ---         MODULE    ---      ---       COMMCMDS1
      0100000EH   PUBLIC    CODE     ---       CommCmdS1_Update
      01000E4BH   PUBLIC    CODE     ---       CommCmdS1_Init

      01000E4BH   BLOCK     CODE     ---       LVL=0
      ---         BLOCKEND  ---      ---       LVL=0

      0100000EH   BLOCK     CODE     ---       LVL=0
      0100000EH   BLOCK     CODE     NEAR LAB  LVL=1
      00000024H   SYMBOL    DATA     VOID      j
      00000025H   SYMBOL    DATA     VOID      k
      ---         BLOCKEND  ---      ---       LVL=1
      ---         BLOCKEND  ---      ---       LVL=0

LX51 LINKER/LOCATER V4.66.66.0                                                        01/07/2018  13:32:30  PAGE 15


      ---         MODULE    ---      ---       COMMCMDS2
      010008B3H   PUBLIC    CODE     ---       CommCmdS2_Update
      01000E67H   PUBLIC    CODE     ---       CommCmdS2_Init

      01000E67H   BLOCK     CODE     ---       LVL=0
      ---         BLOCKEND  ---      ---       LVL=0

      010008B3H   BLOCK     CODE     ---       LVL=0
      010008B3H   BLOCK     CODE     NEAR LAB  LVL=1
      00000007H   SYMBOL    DATA     VOID      j
      00000007H   SYMBOL    DATA     VOID      k
      ---         BLOCKEND  ---      ---       LVL=1
      ---         BLOCKEND  ---      ---       LVL=0

      ---         MODULE    ---      ---       COMMCMDS3

      ---         MODULE    ---      ---       COMMCMDS4

      ---         MODULE    ---      ---       INPUT
      0100101CH   PUBLIC    CODE     ---       Input_Update
      0100101BH   PUBLIC    CODE     ---       Input_Init

      0100101BH   BLOCK     CODE     ---       LVL=0
      ---         BLOCKEND  ---      ---       LVL=0

      0100101CH   BLOCK     CODE     ---       LVL=0
      ---         BLOCKEND  ---      ---       LVL=0

      ---         MODULE    ---      ---       OUTPUT
      01000FF9H   PUBLIC    CODE     ---       Output_Update
      01000F42H   PUBLIC    CODE     ---       Output_Init

      01000F42H   BLOCK     CODE     ---       LVL=0
      ---         BLOCKEND  ---      ---       LVL=0

      01000FF9H   BLOCK     CODE     ---       LVL=0
      ---         BLOCKEND  ---      ---       LVL=0

      ---         MODULE    ---      ---       BEEP
      02000353H   PUBLIC    XDATA    BYTE      m_Off
      02000352H   PUBLIC    XDATA    BYTE      m_BeepT
      02000351H   PUBLIC    XDATA    BYTE      m_BeepL
      02000350H   PUBLIC    XDATA    BYTE      m_On
      0100100CH   PUBLIC    CODE     ---       BEEP_off
      01001009H   PUBLIC    CODE     ---       BEEP_on
      01000D49H   PUBLIC    CODE     ---       BEEP_Update
      01000F18H   PUBLIC    CODE     ---       _BEEP_Set
      01000FBAH   PUBLIC    CODE     ---       BEEP_Init

      01000FBAH   BLOCK     CODE     ---       LVL=0
      ---         BLOCKEND  ---      ---       LVL=0

      01000F18H   BLOCK     CODE     ---       LVL=0
      ---         BLOCKEND  ---      ---       LVL=0

      01000D49H   BLOCK     CODE     ---       LVL=0
      ---         BLOCKEND  ---      ---       LVL=0

      01001009H   BLOCK     CODE     ---       LVL=0
      ---         BLOCKEND  ---      ---       LVL=0

      0100100CH   BLOCK     CODE     ---       LVL=0
      ---         BLOCKEND  ---      ---       LVL=0

      ---         MODULE    ---      ---       LED
LX51 LINKER/LOCATER V4.66.66.0                                                        01/07/2018  13:32:30  PAGE 16


      0200034FH   PUBLIC    XDATA    BYTE      colorR
      0200034EH   PUBLIC    XDATA    BYTE      colorG
      0200034DH   PUBLIC    XDATA    BYTE      colorB
      02000311H   PUBLIC    XDATA    ---       colorNum
      02000310H   PUBLIC    XDATA    BYTE      m_LedT
      0200030FH   PUBLIC    XDATA    BYTE      colorGroup
      0200030EH   PUBLIC    XDATA    BYTE      m_LedL
      0200030DH   PUBLIC    XDATA    BYTE      m_LedOn
      0200030CH   PUBLIC    XDATA    BYTE      m_LedOff
      01000E2DH   PUBLIC    CODE     ---       _RGBLED_Show
      010004F8H   PUBLIC    CODE     ---       _RGBLED_DataDealWithAndSend
      01000A6FH   PUBLIC    CODE     ---       _RGBLED_DatSend
      01000FD0H   PUBLIC    CODE     ---       _RGBLED_TakeAntiCode
      01000DBBH   PUBLIC    CODE     ---       RGBLED_Send32Zero
      01001015H   PUBLIC    CODE     ---       LED_off
      01001012H   PUBLIC    CODE     ---       LED_on
      01000D82H   PUBLIC    CODE     ---       LED_Update
      01000F56H   PUBLIC    CODE     ---       _LED_Set
      01000FC5H   PUBLIC    CODE     ---       LED_Init
      01000F2DH   PUBLIC    CODE     ---       _DelayMs
      0100100FH   PUBLIC    CODE     ---       _DelayUs2x

      0100100FH   BLOCK     CODE     ---       LVL=0
      ---         BLOCKEND  ---      ---       LVL=0

      01000F2DH   BLOCK     CODE     ---       LVL=0
      ---         BLOCKEND  ---      ---       LVL=0

      01000FC5H   BLOCK     CODE     ---       LVL=0
      ---         BLOCKEND  ---      ---       LVL=0

      01000F56H   BLOCK     CODE     ---       LVL=0
      ---         BLOCKEND  ---      ---       LVL=0

      01000D82H   BLOCK     CODE     ---       LVL=0
      ---         BLOCKEND  ---      ---       LVL=0

      01001012H   BLOCK     CODE     ---       LVL=0
      ---         BLOCKEND  ---      ---       LVL=0

      01001015H   BLOCK     CODE     ---       LVL=0
      ---         BLOCKEND  ---      ---       LVL=0

      01000DBBH   BLOCK     CODE     ---       LVL=0
      01000DBBH   BLOCK     CODE     NEAR LAB  LVL=1
      00000007H   SYMBOL    DATA     VOID      i
      ---         BLOCKEND  ---      ---       LVL=1
      ---         BLOCKEND  ---      ---       LVL=0

      01000FD0H   BLOCK     CODE     ---       LVL=0
      01000FD0H   BLOCK     CODE     NEAR LAB  LVL=1
      00000006H   SYMBOL    DATA     VOID      tmp
      ---         BLOCKEND  ---      ---       LVL=1
      ---         BLOCKEND  ---      ---       LVL=0

      01000A6FH   BLOCK     CODE     ---       LVL=0
      01000A77H   BLOCK     CODE     NEAR LAB  LVL=1
      00000031H   SYMBOL    DATA     VOID      i
      ---         BLOCKEND  ---      ---       LVL=1
      ---         BLOCKEND  ---      ---       LVL=0

      010004F2H   BLOCK     CODE     ---       LVL=0
      ---         BLOCKEND  ---      ---       LVL=0

      010004F8H   BLOCK     CODE     ---       LVL=0
LX51 LINKER/LOCATER V4.66.66.0                                                        01/07/2018  13:32:30  PAGE 17


      010004FCH   BLOCK     CODE     NEAR LAB  LVL=1
      00000029H   SYMBOL    DATA     VOID      dx
      ---         BLOCKEND  ---      ---       LVL=1
      ---         BLOCKEND  ---      ---       LVL=0

      01000E2DH   BLOCK     CODE     ---       LVL=0
      ---         BLOCKEND  ---      ---       LVL=0

      ---         MODULE    ---      ---       FLASHROM
      01000AD3H   PUBLIC    CODE     ---       _FlashRom_Write_32Bytes
      01000D05H   PUBLIC    CODE     ---       _FlashRom_Read_32Bytes
      01000EE7H   PUBLIC    CODE     ---       _FlashRom_Read_1Byte
      01000F00H   PUBLIC    CODE     ---       _FlashRom_Erase
      01000FDBH   PUBLIC    CODE     ---       IAP_IAP_disable
      01000F70H   PUBLIC    CODE     ---       IAP_IAP_enable
      01000CC0H   PUBLIC    CODE     ---       _FlashSave_Sector
      01000C2EH   PUBLIC    CODE     ---       FlashRom_SaveInfo
      01000DE6H   PUBLIC    CODE     ---       FlashRom_Format
      01001018H   PUBLIC    CODE     ---       _FlashRom_Read
      01000B37H   PUBLIC    CODE     ---       FlashRom_Init

      01000B37H   BLOCK     CODE     ---       LVL=0
      01000B37H   BLOCK     CODE     NEAR LAB  LVL=1
      00000007H   SYMBOL    DATA     VOID      j
      ---         BLOCKEND  ---      ---       LVL=1
      ---         BLOCKEND  ---      ---       LVL=0

      01001018H   BLOCK     CODE     ---       LVL=0
      01001018H   BLOCK     CODE     NEAR LAB  LVL=1
      00000007H   SYMBOL    DATA     VOID      j
      ---         BLOCKEND  ---      ---       LVL=1
      ---         BLOCKEND  ---      ---       LVL=0

      01000DE6H   BLOCK     CODE     ---       LVL=0
      ---         BLOCKEND  ---      ---       LVL=0

      01000C2EH   BLOCK     CODE     ---       LVL=0
      ---         BLOCKEND  ---      ---       LVL=0

      01000CC0H   BLOCK     CODE     ---       LVL=0
      01000CC2H   BLOCK     CODE     NEAR LAB  LVL=1
      00000007H   SYMBOL    DATA     VOID      i
      00000006H   SYMBOL    DATA     VOID      j
      ---         BLOCKEND  ---      ---       LVL=1
      ---         BLOCKEND  ---      ---       LVL=0

      01000F6AH   BLOCK     CODE     ---       LVL=0
      ---         BLOCKEND  ---      ---       LVL=0

      01000F70H   BLOCK     CODE     ---       LVL=0
      ---         BLOCKEND  ---      ---       LVL=0

      01000FDBH   BLOCK     CODE     ---       LVL=0
      ---         BLOCKEND  ---      ---       LVL=0

      01000F00H   BLOCK     CODE     ---       LVL=0
      ---         BLOCKEND  ---      ---       LVL=0

      01000EE7H   BLOCK     CODE     ---       LVL=0
      ---         BLOCKEND  ---      ---       LVL=0

      01000D05H   BLOCK     CODE     ---       LVL=0
      01000D0FH   BLOCK     CODE     NEAR LAB  LVL=1
      0000001DH   SYMBOL    DATA     VOID      i
      0000001EH   SYMBOL    DATA     VOID      j
LX51 LINKER/LOCATER V4.66.66.0                                                        01/07/2018  13:32:30  PAGE 18


      ---         BLOCKEND  ---      ---       LVL=1
      ---         BLOCKEND  ---      ---       LVL=0

      01000AD3H   BLOCK     CODE     ---       LVL=0
      01000ADDH   BLOCK     CODE     NEAR LAB  LVL=1
      00000005H   SYMBOL    DATA     VOID      j
      ---         BLOCKEND  ---      ---       LVL=1
      ---         BLOCKEND  ---      ---       LVL=0

      ---         MODULE    ---      ---       MEMORY
      01000FE4H   PUBLIC    CODE     ---       Memory_Update
      01000003H   PUBLIC    CODE     ---       Memory_Init

      01000003H   BLOCK     CODE     ---       LVL=0
      ---         BLOCKEND  ---      ---       LVL=0

      01000FE4H   BLOCK     CODE     ---       LVL=0
      ---         BLOCKEND  ---      ---       LVL=0

      ---         MODULE    ---      ---       DECISION
      0100101EH   PUBLIC    CODE     ---       Decision_Update
      0100101DH   PUBLIC    CODE     ---       Decision_Init

      0100101DH   BLOCK     CODE     ---       LVL=0
      ---         BLOCKEND  ---      ---       LVL=0

      0100101EH   BLOCK     CODE     ---       LVL=0
      ---         BLOCKEND  ---      ---       LVL=0

      ---         MODULE    ---      ---       ERROR
      01001020H   PUBLIC    CODE     ---       Error_Update
      0100101FH   PUBLIC    CODE     ---       Error_Init

      0100101FH   BLOCK     CODE     ---       LVL=0
      ---         BLOCKEND  ---      ---       LVL=0

      01001020H   BLOCK     CODE     ---       LVL=0
      ---         BLOCKEND  ---      ---       LVL=0

      ---         MODULE    ---      ---       ?C_STARTUP
      01000000H   PUBLIC    CODE     ---       ?C_STARTUP

      ---         MODULE    ---      ---       ?C?CLDPTR
      01000789H   PUBLIC    CODE     ---       ?C?CLDPTR

      ---         MODULE    ---      ---       ?C?CLDOPTR
      010007A2H   PUBLIC    CODE     ---       ?C?CLDOPTR

      ---         MODULE    ---      ---       ?C?CSTOPTR
      010007CFH   PUBLIC    CODE     ---       ?C?CSTOPTR

      ---         MODULE    ---      ---       ?C?ULCMP
      010007F1H   PUBLIC    CODE     ---       ?C?ULCMP

      ---         MODULE    ---      ---       ?C?LSHL
      01000802H   PUBLIC    CODE     ---       ?C?LSHL

      ---         MODULE    ---      ---       ?C?LSTXDATA
      01000815H   PUBLIC    CODE     ---       ?C?LSTXDATA

      ---         MODULE    ---      ---       ?C?ICALL
      01000821H   PUBLIC    CODE     ---       ?C?ICALL
      01000825H   PUBLIC    CODE     ---       ?C?ICALL2

      ---         MODULE    ---      ---       ?C_INIT
LX51 LINKER/LOCATER V4.66.66.0                                                        01/07/2018  13:32:30  PAGE 19


      0100086EH   PUBLIC    CODE     ---       ?C_START



*** WARNING L57: UNCALLED FUNCTION, IGNORED FOR OVERLAY PROCESS
    NAME:    _CRC16/COMMCMDALL

*** WARNING L57: UNCALLED FUNCTION, IGNORED FOR OVERLAY PROCESS
    NAME:    _FLASHROM_READ_32BYTES/FLASHROM

Program Size: data=80.4 xdata=852 const=0 code=4129
LX51 RUN COMPLETE.  2 WARNING(S),  0 ERROR(S)
